Component: ARM Compiler 6.16 Tool: armlink [5dfeaa00]

==============================================================================

Section Cross References

    run.o(.text.run) refers to key.o(.bss.key2) for key2
    run.o(.text.run) refers to key.o(.text.key_get_event) for key_get_event
    run.o(.text.run) refers to stm32h7xx_hal_gpio.o(.text.HAL_GPIO_WritePin) for HAL_GPIO_WritePin
    run.o(.text.run) refers to key.o(.bss.key3) for key3
    run.o(.ARM.exidx.text.run) refers to run.o(.text.run) for [Anonymous Symbol]
    run.o(.text.HAL_TIM_PeriodElapsedCallback) refers to tim.o(.bss.htim6) for htim6
    run.o(.text.HAL_TIM_PeriodElapsedCallback) refers to run.o(.bss.cont1) for cont1
    run.o(.text.HAL_TIM_PeriodElapsedCallback) refers to key.o(.text.key_callback_handle) for key_callback_handle
    run.o(.text.HAL_TIM_PeriodElapsedCallback) refers to public.o(.text.my_tick_inc) for my_tick_inc
    run.o(.text.HAL_TIM_PeriodElapsedCallback) refers to key.o(.text.key_detect_scan) for key_detect_scan
    run.o(.text.HAL_TIM_PeriodElapsedCallback) refers to adc.o(.bss.hadc1) for hadc1
    run.o(.text.HAL_TIM_PeriodElapsedCallback) refers to stm32h7xx_hal_adc.o(.text.HAL_ADC_Start_IT) for HAL_ADC_Start_IT
    run.o(.ARM.exidx.text.HAL_TIM_PeriodElapsedCallback) refers to run.o(.text.HAL_TIM_PeriodElapsedCallback) for [Anonymous Symbol]
    run.o(.text.HAL_ADC_ConvCpltCallback) refers to stm32h7xx_hal_adc.o(.text.HAL_ADC_Stop_IT) for HAL_ADC_Stop_IT
    run.o(.text.HAL_ADC_ConvCpltCallback) refers to stm32h7xx_hal_adc.o(.text.HAL_ADC_GetValue) for HAL_ADC_GetValue
    run.o(.text.HAL_ADC_ConvCpltCallback) refers to run.o(.bss.adcValue) for adcValue
    run.o(.text.HAL_ADC_ConvCpltCallback) refers to key.o(.bss.KeyADCPort) for KeyADCPort
    run.o(.text.HAL_ADC_ConvCpltCallback) refers to key.o(.text.key_adc_update) for key_adc_update
    run.o(.ARM.exidx.text.HAL_ADC_ConvCpltCallback) refers to run.o(.text.HAL_ADC_ConvCpltCallback) for [Anonymous Symbol]
    init.o(.text.init) refers to key.o(.text.key_init) for key_init
    init.o(.text.init) refers to key_demo.o(.text.key_demo_init) for key_demo_init
    init.o(.text.init) refers to stm32h7xx_hal_gpio.o(.text.HAL_GPIO_WritePin) for HAL_GPIO_WritePin
    init.o(.text.init) refers to tim.o(.bss.htim6) for htim6
    init.o(.text.init) refers to stm32h7xx_hal_tim.o(.text.HAL_TIM_Base_Start_IT) for HAL_TIM_Base_Start_IT
    init.o(.text.init) refers to adc.o(.bss.hadc1) for hadc1
    init.o(.text.init) refers to stm32h7xx_hal_adc_ex.o(.text.HAL_ADCEx_Calibration_Start) for HAL_ADCEx_Calibration_Start
    init.o(.text.init) refers to puts.o(.text) for puts
    init.o(.ARM.exidx.text.init) refers to init.o(.text.init) for [Anonymous Symbol]
    public.o(.text) refers (Special) to use_no_semi_2.o(.text) for __use_no_semihosting
    public.o(.text._sys_exit) refers (Special) to use_no_semi_2.o(.text) for __use_no_semihosting
    public.o(.ARM.exidx.text._sys_exit) refers (Special) to use_no_semi_2.o(.text) for __use_no_semihosting
    public.o(.ARM.exidx.text._sys_exit) refers to public.o(.text._sys_exit) for [Anonymous Symbol]
    public.o(.text._ttywrch) refers (Special) to use_no_semi_2.o(.text) for __use_no_semihosting
    public.o(.ARM.exidx.text._ttywrch) refers (Special) to use_no_semi_2.o(.text) for __use_no_semihosting
    public.o(.ARM.exidx.text._ttywrch) refers to public.o(.text._ttywrch) for [Anonymous Symbol]
    public.o(.text.fputc) refers (Special) to use_no_semi_2.o(.text) for __use_no_semihosting
    public.o(.text.fputc) refers to usart.o(.bss.huart1) for huart1
    public.o(.text.fputc) refers to stm32h7xx_hal_uart.o(.text.HAL_UART_Transmit) for HAL_UART_Transmit
    public.o(.ARM.exidx.text.fputc) refers (Special) to use_no_semi_2.o(.text) for __use_no_semihosting
    public.o(.ARM.exidx.text.fputc) refers to public.o(.text.fputc) for [Anonymous Symbol]
    public.o(.text.my_tick_inc) refers (Special) to use_no_semi_2.o(.text) for __use_no_semihosting
    public.o(.text.my_tick_inc) refers to public.o(.bss.my_tick_irq_flag) for my_tick_irq_flag
    public.o(.text.my_tick_inc) refers to public.o(.bss.my_sys_time) for my_sys_time
    public.o(.ARM.exidx.text.my_tick_inc) refers (Special) to use_no_semi_2.o(.text) for __use_no_semihosting
    public.o(.ARM.exidx.text.my_tick_inc) refers to public.o(.text.my_tick_inc) for [Anonymous Symbol]
    public.o(.text.my_tick_get) refers (Special) to use_no_semi_2.o(.text) for __use_no_semihosting
    public.o(.text.my_tick_get) refers to public.o(.bss.my_sys_time) for my_sys_time
    public.o(.text.my_tick_get) refers to public.o(.bss.my_tick_irq_flag) for my_tick_irq_flag
    public.o(.ARM.exidx.text.my_tick_get) refers (Special) to use_no_semi_2.o(.text) for __use_no_semihosting
    public.o(.ARM.exidx.text.my_tick_get) refers to public.o(.text.my_tick_get) for [Anonymous Symbol]
    public.o(.text.my_tick_elaps) refers (Special) to use_no_semi_2.o(.text) for __use_no_semihosting
[...]
    [Anonymous Symbol]                       0x080076f0   Section        0  key.o(.text.key_press_callback)
    [Anonymous Symbol]                       0x08007728   Section        0  key.o(.text.key_set_level)
    [Anonymous Symbol]                       0x08007740   Section        0  main.o(.text.main)
    [Anonymous Symbol]                       0x080077f8   Section        0  public.o(.text.my_tick_elaps)
    [Anonymous Symbol]                       0x08007808   Section        0  public.o(.text.my_tick_get)
    [Anonymous Symbol]                       0x08007828   Section        0  public.o(.text.my_tick_inc)
    [Anonymous Symbol]                       0x08007848   Section        0  my_queue.o(.text.queue_extract)
    [Anonymous Symbol]                       0x08007878   Section        0  my_queue.o(.text.queue_init)
    [Anonymous Symbol]                       0x08007888   Section        0  my_queue.o(.text.queue_insert)
    [Anonymous Symbol]                       0x080078b8   Section        0  my_queue.o(.text.queue_length)
    [Anonymous Symbol]                       0x080078d0   Section        0  run.o(.text.run)
    [Anonymous Symbol]                       0x08007940   Section        0  staticlinklist.o(.text.slink_getData)
    [Anonymous Symbol]                       0x08007968   Section        0  staticlinklist.o(.text.slink_init)
    [Anonymous Symbol]                       0x08007998   Section        0  staticlinklist.o(.text.slink_insert)
    [Anonymous Symbol]                       0x080079f8   Section        0  staticlinklist.o(.text.slink_length)
    [Anonymous Symbol]                       0x08007a18   Section        0  staticlinklist.o(.text.slink_malloc)
    $v0                                      0x08007a2c   Number         0  fpinit.o(x$fpl$fpinit)
    x$fpl$fpinit                             0x08007a2c   Section       26  fpinit.o(x$fpl$fpinit)
    UARTEx_SetNbDataToProcess.numerator      0x08007a6e   Data           8  stm32h7xx_hal_uart_ex.o(.rodata.cst8)
    [Anonymous Symbol]                       0x08007a6e   Section        0  stm32h7xx_hal_uart_ex.o(.rodata.cst8)
    UARTEx_SetNbDataToProcess.denominator    0x08007a76   Data           8  stm32h7xx_hal_uart_ex.o(.rodata.cst8)
    key_adcRange                             0x08007a7e   Data          60  key.o(.rodata.key_adcRange)
    [Anonymous Symbol]                       0x08007a7e   Section        0  key.o(.rodata.key_adcRange)
    .L.str                                   0x08007aba   Data          56  stm32h7xx_hal_adc.o(.rodata.str1.1)
    [Anonymous Symbol]                       0x08007aba   Section        0  stm32h7xx_hal_adc.o(.rodata.str1.1)
    .L.str                                   0x08007af2   Data          59  stm32h7xx_hal_adc_ex.o(.rodata.str1.1)
    [Anonymous Symbol]                       0x08007af2   Section        0  stm32h7xx_hal_adc_ex.o(.rodata.str1.1)
    .L.str                                   0x08007b2d   Data          56  stm32h7xx_hal_rcc.o(.rodata.str1.1)
    [Anonymous Symbol]                       0x08007b2d   Section        0  stm32h7xx_hal_rcc.o(.rodata.str1.1)
    .L.str                                   0x08007b65   Data          59  stm32h7xx_hal_rcc_ex.o(.rodata.str1.1)
    [Anonymous Symbol]                       0x08007b65   Section        0  stm32h7xx_hal_rcc_ex.o(.rodata.str1.1)
    .L.str                                   0x08007ba0   Data          57  stm32h7xx_hal_gpio.o(.rodata.str1.1)
    [Anonymous Symbol]                       0x08007ba0   Section        0  stm32h7xx_hal_gpio.o(.rodata.str1.1)
    .L.str                                   0x08007bd9   Data          59  stm32h7xx_hal_pwr_ex.o(.rodata.str1.1)
    [Anonymous Symbol]                       0x08007bd9   Section        0  stm32h7xx_hal_pwr_ex.o(.rodata.str1.1)
    .L.str                                   0x08007c14   Data          59  stm32h7xx_hal_cortex.o(.rodata.str1.1)
    [Anonymous Symbol]                       0x08007c14   Section        0  stm32h7xx_hal_cortex.o(.rodata.str1.1)
    .L.str                                   0x08007c4f   Data          56  stm32h7xx_hal_tim.o(.rodata.str1.1)
    [Anonymous Symbol]                       0x08007c4f   Section        0  stm32h7xx_hal_tim.o(.rodata.str1.1)
    .L.str                                   0x08007c87   Data          59  stm32h7xx_hal_tim_ex.o(.rodata.str1.1)
    [Anonymous Symbol]                       0x08007c87   Section        0  stm32h7xx_hal_tim_ex.o(.rodata.str1.1)
    .L.str                                   0x08007cc2   Data          57  stm32h7xx_hal_uart.o(.rodata.str1.1)
    [Anonymous Symbol]                       0x08007cc2   Section        0  stm32h7xx_hal_uart.o(.rodata.str1.1)
    .L.str                                   0x08007cfb   Data          60  stm32h7xx_hal_uart_ex.o(.rodata.str1.1)
    [Anonymous Symbol]                       0x08007cfb   Section        0  stm32h7xx_hal_uart_ex.o(.rodata.str1.1)
    .bss                                     0x24000010   Section       96  libspace.o(.bss)
    key_link                                 0x240009a8   Data           8  key.o(.bss.key_link)
    [Anonymous Symbol]                       0x240009a8   Section        0  key.o(.bss.key_link)
    key_sll                                  0x240009b0   Data          64  key.o(.bss.key_sll)
    [Anonymous Symbol]                       0x240009b0   Section        0  key.o(.bss.key_sll)
    my_sys_time                              0x240009f0   Data           4  public.o(.bss.my_sys_time)
    [Anonymous Symbol]                       0x240009f0   Section        0  public.o(.bss.my_sys_time)
    my_tick_irq_flag                         0x240009f4   Data           1  public.o(.bss.my_tick_irq_flag)
    [Anonymous Symbol]                       0x240009f4   Section        0  public.o(.bss.my_tick_irq_flag)
    Heap_Mem                                 0x24000a00   Data        1024  startup_stm32h750xx.o(HEAP)
    HEAP                                     0x24000a00   Section     1024  startup_stm32h750xx.o(HEAP)
    Stack_Mem                                0x24000e00   Data       16384  startup_stm32h750xx.o(STACK)
    STACK                                    0x24000e00   Section    16384  startup_stm32h750xx.o(STACK)
    __initial_sp                             0x24004e00   Data           0  startup_stm32h750xx.o(STACK)

    Global Symbols

    Symbol Name                              Value     Ov Type        Size  Object(Section)

    BuildAttributes$$THM_ISAv4$E$P$D$K$B$S$7EM$VFPv5_D16$PE$PLD8$A:L22UL41UL21$X:L11$S22US41US21$IEEE1$IW$~IW$USESV6$~STKCKD$USESV7$~SHL$OTIME$ROPI$EBA8$UX$STANDARDLIB$REQ8$PRES8$EABIv2 0x00000000   Number         0  anon$$obj.o ABSOLUTE
    __ARM_exceptions_init                     - Undefined Weak Reference
    __alloca_initialize                       - Undefined Weak Reference
    __arm_preinit_                            - Undefined Weak Reference
    __cpp_initialize__aeabi_                  - Undefined Weak Reference
    __cxa_finalize                            - Undefined Weak Reference
    __rt_locale                               - Undefined Weak Reference
    __sigvec_lookup                           - Undefined Weak Reference
    _atexit_init                              - Undefined Weak Reference
    _call_atexit_fns                          - Undefined Weak Reference
    _clock_init                               - Undefined Weak Reference
    _fp_trap_init                             - Undefined Weak Reference
    _fp_trap_shutdown                         - Undefined Weak Reference
    _get_lc_collate                           - Undefined Weak Reference
    _get_lc_ctype                             - Undefined Weak Reference
    _get_lc_monetary                          - Undefined Weak Reference
    _get_lc_numeric                           - Undefined Weak Reference
    _get_lc_time                              - Undefined Weak Reference
    _getenv_init                              - Undefined Weak Reference
    _handle_redirection                       - Undefined Weak Reference
    _init_alloc                               - Undefined Weak Reference
    _init_user_alloc                          - Undefined Weak Reference
    _initio                                   - Undefined Weak Reference
    _rand_init                                - Undefined Weak Reference
    _signal_finish                            - Undefined Weak Reference
    _signal_init                              - Undefined Weak Reference
    _terminate_alloc                          - Undefined Weak Reference
    _terminate_user_alloc                     - Undefined Weak Reference
    _terminateio                              - Undefined Weak Reference
    __Vectors_Size                           0x00000298   Number         0  startup_stm32h750xx.o ABSOLUTE
    __Vectors                                0x08000000   Data           4  startup_stm32h750xx.o(RESET)
    __Vectors_End                            0x08000298   Data           0  startup_stm32h750xx.o(RESET)
    __main                                   0x08000299   Thumb Code     8  __main.o(!!!main)
    __scatterload                            0x080002a1   Thumb Code     0  __scatter.o(!!!scatter)
    __scatterload_rt2                        0x080002a1   Thumb Code    44  __scatter.o(!!!scatter)
    __scatterload_rt2_thumb_only             0x080002a1   Thumb Code     0  __scatter.o(!!!scatter)
    __scatterload_null                       0x080002af   Thumb Code     0  __scatter.o(!!!scatter)
    __scatterload_copy                       0x080002d5   Thumb Code    26  __scatter_copy.o(!!handler_copy)
    __scatterload_zeroinit                   0x080002f1   Thumb Code    28  __scatter_zi.o(!!handler_zi)
    __rt_lib_init                            0x0800030d   Thumb Code     0  libinit.o(.ARM.Collect$$libinit$$00000000)
    __rt_lib_init_fp_1                       0x0800030f   Thumb Code     0  libinit2.o(.ARM.Collect$$libinit$$00000001)
    __rt_lib_init_alloca_1                   0x08000313   Thumb Code     0  libinit2.o(.ARM.Collect$$libinit$$0000002E)
    __rt_lib_init_argv_1                     0x08000313   Thumb Code     0  libinit2.o(.ARM.Collect$$libinit$$0000002C)
    __rt_lib_init_atexit_1                   0x08000313   Thumb Code     0  libinit2.o(.ARM.Collect$$libinit$$0000001B)
    __rt_lib_init_clock_1                    0x08000313   Thumb Code     0  libinit2.o(.ARM.Collect$$libinit$$00000021)
    __rt_lib_init_cpp_1                      0x08000313   Thumb Code     0  libinit2.o(.ARM.Collect$$libinit$$00000032)
    __rt_lib_init_exceptions_1               0x08000313   Thumb Code     0  libinit2.o(.ARM.Collect$$libinit$$00000030)
    __rt_lib_init_fp_trap_1                  0x08000313   Thumb Code     0  libinit2.o(.ARM.Collect$$libinit$$0000001F)
    __rt_lib_init_getenv_1                   0x08000313   Thumb Code     0  libinit2.o(.ARM.Collect$$libinit$$00000023)
    __rt_lib_init_heap_1                     0x08000313   Thumb Code     0  libinit2.o(.ARM.Collect$$libinit$$0000000A)
    __rt_lib_init_lc_collate_1               0x08000313   Thumb Code     0  libinit2.o(.ARM.Collect$$libinit$$00000011)
    __rt_lib_init_lc_ctype_1                 0x08000313   Thumb Code     0  libinit2.o(.ARM.Collect$$libinit$$00000013)
    __rt_lib_init_lc_monetary_1              0x08000313   Thumb Code     0  libinit2.o(.ARM.Collect$$libinit$$00000015)
    __rt_lib_init_lc_numeric_1               0x08000313   Thumb Code     0  libinit2.o(.ARM.Collect$$libinit$$00000017)
    __rt_lib_init_lc_time_1                  0x08000313   Thumb Code     0  libinit2.o(.ARM.Collect$$libinit$$00000019)
    __rt_lib_init_preinit_1                  0x08000313   Thumb Code     0  libinit2.o(.ARM.Collect$$libinit$$00000004)
    __rt_lib_init_rand_1                     0x08000313   Thumb Code     0  libinit2.o(.ARM.Collect$$libinit$$0000000E)
    __rt_lib_init_return                     0x08000313   Thumb Code     0  libinit2.o(.ARM.Collect$$libinit$$00000033)
    __rt_lib_init_signal_1                   0x08000313   Thumb Code     0  libinit2.o(.ARM.Collect$$libinit$$0000001D)
    __rt_lib_init_stdio_1                    0x08000313   Thumb Code     0  libinit2.o(.ARM.Collect$$libinit$$00000025)
    __rt_lib_init_user_alloc_1               0x08000313   Thumb Code     0  libinit2.o(.ARM.Collect$$libinit$$0000000C)
    __rt_lib_shutdown                        0x08000315   Thumb Code     0  libshutdown.o(.ARM.Collect$$libshutdown$$00000000)
    __rt_lib_shutdown_cpp_1                  0x08000317   Thumb Code     0  libshutdown2.o(.ARM.Collect$$libshutdown$$00000002)
    __rt_lib_shutdown_fp_trap_1              0x08000317   Thumb Code     0  libshutdown2.o(.ARM.Collect$$libshutdown$$00000007)
    __rt_lib_shutdown_heap_1                 0x08000317   Thumb Code     0  libshutdown2.o(.ARM.Collect$$libshutdown$$0000000F)
    __rt_lib_shutdown_return                 0x08000317   Thumb Code     0  libshutdown2.o(.ARM.Collect$$libshutdown$$00000010)
    __rt_lib_shutdown_signal_1               0x08000317   Thumb Code     0  libshutdown2.o(.ARM.Collect$$libshutdown$$0000000A)
    __rt_lib_shutdown_stdio_1                0x08000317   Thumb Code     0  libshutdown2.o(.ARM.Collect$$libshutdown$$00000004)
    __rt_lib_shutdown_user_alloc_1           0x08000317   Thumb Code     0  libshutdown2.o(.ARM.Collect$$libshutdown$$0000000C)
    __rt_entry                               0x08000319   Thumb Code     0  __rtentry.o(.ARM.Collect$$rtentry$$00000000)
    __rt_entry_presh_1                       0x08000319   Thumb Code     0  __rtentry2.o(.ARM.Collect$$rtentry$$00000002)
    __rt_entry_sh                            0x08000319   Thumb Code     0  __rtentry4.o(.ARM.Collect$$rtentry$$00000004)
    __rt_entry_li                            0x0800031f   Thumb Code     0  __rtentry2.o(.ARM.Collect$$rtentry$$0000000A)
    __rt_entry_postsh_1                      0x0800031f   Thumb Code     0  __rtentry2.o(.ARM.Collect$$rtentry$$00000009)
    __rt_entry_main                          0x08000323   Thumb Code     0  __rtentry2.o(.ARM.Collect$$rtentry$$0000000D)
    __rt_entry_postli_1                      0x08000323   Thumb Code     0  __rtentry2.o(.ARM.Collect$$rtentry$$0000000C)
    __rt_exit                                0x0800032b   Thumb Code     0  rtexit.o(.ARM.Collect$$rtexit$$00000000)
    __rt_exit_ls                             0x0800032d   Thumb Code     0  rtexit2.o(.ARM.Collect$$rtexit$$00000003)
    __rt_exit_prels_1                        0x0800032d   Thumb Code     0  rtexit2.o(.ARM.Collect$$rtexit$$00000002)
    __rt_exit_exit                           0x08000331   Thumb Code     0  rtexit2.o(.ARM.Collect$$rtexit$$00000004)
    Reset_Handler                            0x08000339   Thumb Code     8  startup_stm32h750xx.o(.text)
    ADC3_IRQHandler                          0x08000353   Thumb Code     0  startup_stm32h750xx.o(.text)
    BDMA_Channel0_IRQHandler                 0x08000353   Thumb Code     0  startup_stm32h750xx.o(.text)
    BDMA_Channel1_IRQHandler                 0x08000353   Thumb Code     0  startup_stm32h750xx.o(.text)
    BDMA_Channel2_IRQHandler                 0x08000353   Thumb Code     0  startup_stm32h750xx.o(.text)
    BDMA_Channel3_IRQHandler                 0x08000353   Thumb Code     0  startup_stm32h750xx.o(.text)
    BDMA_Channel4_IRQHandler                 0x08000353   Thumb Code     0  startup_stm32h750xx.o(.text)
    BDMA_Channel5_IRQHandler                 0x08000353   Thumb Code     0  startup_stm32h750xx.o(.text)
    BDMA_Channel6_IRQHandler                 0x08000353   Thumb Code     0  startup_stm32h750xx.o(.text)
    BDMA_Channel7_IRQHandler                 0x08000353   Thumb Code     0  startup_stm32h750xx.o(.text)
    CEC_IRQHandler                           0x08000353   Thumb Code     0  startup_stm32h750xx.o(.text)
    COMP1_IRQHandler                         0x08000353   Thumb Code     0  startup_stm32h750xx.o(.text)
    CRS_IRQHandler                           0x08000353   Thumb Code     0  startup_stm32h750xx.o(.text)
    CRYP_IRQHandler                          0x08000353   Thumb Code     0  startup_stm32h750xx.o(.text)
    DCMI_IRQHandler                          0x08000353   Thumb Code     0  startup_stm32h750xx.o(.text)
    DFSDM1_FLT0_IRQHandler                   0x08000353   Thumb Code     0  startup_stm32h750xx.o(.text)
    DFSDM1_FLT1_IRQHandler                   0x08000353   Thumb Code     0  startup_stm32h750xx.o(.text)
    DFSDM1_FLT2_IRQHandler                   0x08000353   Thumb Code     0  startup_stm32h750xx.o(.text)
    DFSDM1_FLT3_IRQHandler                   0x08000353   Thumb Code     0  startup_stm32h750xx.o(.text)
    DMA1_Stream0_IRQHandler                  0x08000353   Thumb Code     0  startup_stm32h750xx.o(.text)
    DMA1_Stream1_IRQHandler                  0x08000353   Thumb Code     0  startup_stm32h750xx.o(.text)
    DMA1_Stream2_IRQHandler                  0x08000353   Thumb Code     0  startup_stm32h750xx.o(.text)
    DMA1_Stream3_IRQHandler                  0x08000353   Thumb Code     0  startup_stm32h750xx.o(.text)
    DMA1_Stream4_IRQHandler                  0x08000353   Thumb Code     0  startup_stm32h750xx.o(.text)
    DMA1_Stream5_IRQHandler                  0x08000353   Thumb Code     0  startup_stm32h750xx.o(.text)
    DMA1_Stream6_IRQHandler                  0x08000353   Thumb Code     0  startup_stm32h750xx.o(.text)
    DMA1_Stream7_IRQHandler                  0x08000353   Thumb Code     0  startup_stm32h750xx.o(.text)
    DMA2D_IRQHandler                         0x08000353   Thumb Code     0  startup_stm32h750xx.o(.text)
    DMA2_Stream0_IRQHandler                  0x08000353   Thumb Code     0  startup_stm32h750xx.o(.text)
    DMA2_Stream1_IRQHandler                  0x08000353   Thumb Code     0  startup_stm32h750xx.o(.text)
    DMA2_Stream2_IRQHandler                  0x08000353   Thumb Code     0  startup_stm32h750xx.o(.text)
    DMA2_Stream3_IRQHandler                  0x08000353   Thumb Code     0  startup_stm32h750xx.o(.text)
    DMA2_Stream4_IRQHandler                  0x08000353   Thumb Code     0  startup_stm32h750xx.o(.text)
    DMA2_Stream5_IRQHandler                  0x08000353   Thumb Code     0  startup_stm32h750xx.o(.text)
    DMA2_Stream6_IRQHandler                  0x08000353   Thumb Code     0  startup_stm32h750xx.o(.text)
    DMA2_Stream7_IRQHandler                  0x08000353   Thumb Code     0  startup_stm32h750xx.o(.text)
    DMAMUX1_OVR_IRQHandler                   0x08000353   Thumb Code     0  startup_stm32h750xx.o(.text)
    DMAMUX2_OVR_IRQHandler                   0x08000353   Thumb Code     0  startup_stm32h750xx.o(.text)
    ECC_IRQHandler                           0x08000353   Thumb Code     0  startup_stm32h750xx.o(.text)
    ETH_IRQHandler                           0x08000353   Thumb Code     0  startup_stm32h750xx.o(.text)
    ETH_WKUP_IRQHandler                      0x08000353   Thumb Code     0  startup_stm32h750xx.o(.text)
    EXTI0_IRQHandler                         0x08000353   Thumb Code     0  startup_stm32h750xx.o(.text)
    EXTI15_10_IRQHandler                     0x08000353   Thumb Code     0  startup_stm32h750xx.o(.text)
    EXTI1_IRQHandler                         0x08000353   Thumb Code     0  startup_stm32h750xx.o(.text)
    EXTI2_IRQHandler                         0x08000353   Thumb Code     0  startup_stm32h750xx.o(.text)
    EXTI3_IRQHandler                         0x08000353   Thumb Code     0  startup_stm32h750xx.o(.text)
    EXTI4_IRQHandler                         0x08000353   Thumb Code     0  startup_stm32h750xx.o(.text)
    EXTI9_5_IRQHandler                       0x08000353   Thumb Code     0  startup_stm32h750xx.o(.text)
    FDCAN1_IT0_IRQHandler                    0x08000353   Thumb Code     0  startup_stm32h750xx.o(.text)
    FDCAN1_IT1_IRQHandler                    0x08000353   Thumb Code     0  startup_stm32h750xx.o(.text)
    FDCAN2_IT0_IRQHandler                    0x08000353   Thumb Code     0  startup_stm32h750xx.o(.text)
    FDCAN2_IT1_IRQHandler                    0x08000353   Thumb Code     0  startup_stm32h750xx.o(.text)
    FDCAN_CAL_IRQHandler                     0x08000353   Thumb Code     0  startup_stm32h750xx.o(.text)
    FLASH_IRQHandler                         0x08000353   Thumb Code     0  startup_stm32h750xx.o(.text)
    FMC_IRQHandler                           0x08000353   Thumb Code     0  startup_stm32h750xx.o(.text)
    FPU_IRQHandler                           0x08000353   Thumb Code     0  startup_stm32h750xx.o(.text)
    HASH_RNG_IRQHandler                      0x08000353   Thumb Code     0  startup_stm32h750xx.o(.text)
    HRTIM1_FLT_IRQHandler                    0x08000353   Thumb Code     0  startup_stm32h750xx.o(.text)
    HRTIM1_Master_IRQHandler                 0x08000353   Thumb Code     0  startup_stm32h750xx.o(.text)
    HRTIM1_TIMA_IRQHandler                   0x08000353   Thumb Code     0  startup_stm32h750xx.o(.text)
    HRTIM1_TIMB_IRQHandler                   0x08000353   Thumb Code     0  startup_stm32h750xx.o(.text)
    HRTIM1_TIMC_IRQHandler                   0x08000353   Thumb Code     0  startup_stm32h750xx.o(.text)
    HRTIM1_TIMD_IRQHandler                   0x08000353   Thumb Code     0  startup_stm32h750xx.o(.text)
    HRTIM1_TIME_IRQHandler                   0x08000353   Thumb Code     0  startup_stm32h750xx.o(.text)
    HSEM1_IRQHandler                         0x08000353   Thumb Code     0  startup_stm32h750xx.o(.text)
    I2C1_ER_IRQHandler                       0x08000353   Thumb Code     0  startup_stm32h750xx.o(.text)
    I2C1_EV_IRQHandler                       0x08000353   Thumb Code     0  startup_stm32h750xx.o(.text)
    I2C2_ER_IRQHandler                       0x08000353   Thumb Code     0  startup_stm32h750xx.o(.text)
    I2C2_EV_IRQHandler                       0x08000353   Thumb Code     0  startup_stm32h750xx.o(.text)
    I2C3_ER_IRQHandler                       0x08000353   Thumb Code     0  startup_stm32h750xx.o(.text)
    I2C3_EV_IRQHandler                       0x08000353   Thumb Code     0  startup_stm32h750xx.o(.text)
    I2C4_ER_IRQHandler                       0x08000353   Thumb Code     0  startup_stm32h750xx.o(.text)
    I2C4_EV_IRQHandler                       0x08000353   Thumb Code     0  startup_stm32h750xx.o(.text)
    JPEG_IRQHandler                          0x08000353   Thumb Code     0  startup_stm32h750xx.o(.text)
    LPTIM1_IRQHandler                        0x08000353   Thumb Code     0  startup_stm32h750xx.o(.text)
    LPTIM2_IRQHandler                        0x08000353   Thumb Code     0  startup_stm32h750xx.o(.text)
    LPTIM3_IRQHandler                        0x08000353   Thumb Code     0  startup_stm32h750xx.o(.text)
    LPTIM4_IRQHandler                        0x08000353   Thumb Code     0  startup_stm32h750xx.o(.text)
    LPTIM5_IRQHandler                        0x08000353   Thumb Code     0  startup_stm32h750xx.o(.text)
    LPUART1_IRQHandler                       0x08000353   Thumb Code     0  startup_stm32h750xx.o(.text)
    LTDC_ER_IRQHandler                       0x08000353   Thumb Code     0  startup_stm32h750xx.o(.text)
    LTDC_IRQHandler                          0x08000353   Thumb Code     0  startup_stm32h750xx.o(.text)
    MDIOS_IRQHandler                         0x08000353   Thumb Code     0  startup_stm32h750xx.o(.text)
    MDIOS_WKUP_IRQHandler                    0x08000353   Thumb Code     0  startup_stm32h750xx.o(.text)
    MDMA_IRQHandler                          0x08000353   Thumb Code     0  startup_stm32h750xx.o(.text)
    OTG_FS_EP1_IN_IRQHandler                 0x08000353   Thumb Code     0  startup_stm32h750xx.o(.text)
    OTG_FS_EP1_OUT_IRQHandler                0x08000353   Thumb Code     0  startup_stm32h750xx.o(.text)
    OTG_FS_IRQHandler                        0x08000353   Thumb Code     0  startup_stm32h750xx.o(.text)
    OTG_FS_WKUP_IRQHandler                   0x08000353   Thumb Code     0  startup_stm32h750xx.o(.text)
    OTG_HS_EP1_IN_IRQHandler                 0x08000353   Thumb Code     0  startup_stm32h750xx.o(.text)
    OTG_HS_EP1_OUT_IRQHandler                0x08000353   Thumb Code     0  startup_stm32h750xx.o(.text)
    OTG_HS_IRQHandler                        0x08000353   Thumb Code     0  startup_stm32h750xx.o(.text)
    OTG_HS_WKUP_IRQHandler                   0x08000353   Thumb Code     0  startup_stm32h750xx.o(.text)
    PVD_AVD_IRQHandler                       0x08000353   Thumb Code     0  startup_stm32h750xx.o(.text)
    QUADSPI_IRQHandler                       0x08000353   Thumb Code     0  startup_stm32h750xx.o(.text)
    RCC_IRQHandler                           0x08000353   Thumb Code     0  startup_stm32h750xx.o(.text)
    RTC_Alarm_IRQHandler                     0x08000353   Thumb Code     0  startup_stm32h750xx.o(.text)
    RTC_WKUP_IRQHandler                      0x08000353   Thumb Code     0  startup_stm32h750xx.o(.text)
    SAI1_IRQHandler                          0x08000353   Thumb Code     0  startup_stm32h750xx.o(.text)
    SAI2_IRQHandler                          0x08000353   Thumb Code     0  startup_stm32h750xx.o(.text)
    SAI3_IRQHandler                          0x08000353   Thumb Code     0  startup_stm32h750xx.o(.text)
    SAI4_IRQHandler                          0x08000353   Thumb Code     0  startup_stm32h750xx.o(.text)
    SDMMC1_IRQHandler                        0x08000353   Thumb Code     0  startup_stm32h750xx.o(.text)
    SDMMC2_IRQHandler                        0x08000353   Thumb Code     0  startup_stm32h750xx.o(.text)
    SPDIF_RX_IRQHandler                      0x08000353   Thumb Code     0  startup_stm32h750xx.o(.text)
    SPI1_IRQHandler                          0x08000353   Thumb Code     0  startup_stm32h750xx.o(.text)
    SPI2_IRQHandler                          0x08000353   Thumb Code     0  startup_stm32h750xx.o(.text)
    SPI3_IRQHandler                          0x08000353   Thumb Code     0  startup_stm32h750xx.o(.text)
    SPI4_IRQHandler                          0x08000353   Thumb Code     0  startup_stm32h750xx.o(.text)
    SPI5_IRQHandler                          0x08000353   Thumb Code     0  startup_stm32h750xx.o(.text)
    SPI6_IRQHandler                          0x08000353   Thumb Code     0  startup_stm32h750xx.o(.text)
    SWPMI1_IRQHandler                        0x08000353   Thumb Code     0  startup_stm32h750xx.o(.text)
    TAMP_STAMP_IRQHandler                    0x08000353   Thumb Code     0  startup_stm32h750xx.o(.text)
    TIM15_IRQHandler                         0x08000353   Thumb Code     0  startup_stm32h750xx.o(.text)
    TIM16_IRQHandler                         0x08000353   Thumb Code     0  startup_stm32h750xx.o(.text)
    TIM17_IRQHandler                         0x08000353   Thumb Code     0  startup_stm32h750xx.o(.text)
    TIM1_BRK_IRQHandler                      0x08000353   Thumb Code     0  startup_stm32h750xx.o(.text)
    TIM1_CC_IRQHandler                       0x08000353   Thumb Code     0  startup_stm32h750xx.o(.text)
    TIM1_TRG_COM_IRQHandler                  0x08000353   Thumb Code     0  startup_stm32h750xx.o(.text)
    TIM1_UP_IRQHandler                       0x08000353   Thumb Code     0  startup_stm32h750xx.o(.text)
    TIM2_IRQHandler                          0x08000353   Thumb Code     0  startup_stm32h750xx.o(.text)
    TIM3_IRQHandler                          0x08000353   Thumb Code     0  startup_stm32h750xx.o(.text)
    TIM4_IRQHandler                          0x08000353   Thumb Code     0  startup_stm32h750xx.o(.text)
    TIM5_IRQHandler                          0x08000353   Thumb Code     0  startup_stm32h750xx.o(.text)
    TIM7_IRQHandler                          0x08000353   Thumb Code     0  startup_stm32h750xx.o(.text)
    TIM8_BRK_TIM12_IRQHandler                0x08000353   Thumb Code     0  startup_stm32h750xx.o(.text)
    TIM8_CC_IRQHandler                       0x08000353   Thumb Code     0  startup_stm32h750xx.o(.text)
    TIM8_TRG_COM_TIM14_IRQHandler            0x08000353   Thumb Code     0  startup_stm32h750xx.o(.text)
    TIM8_UP_TIM13_IRQHandler                 0x08000353   Thumb Code     0  startup_stm32h750xx.o(.text)
    UART4_IRQHandler                         0x08000353   Thumb Code     0  startup_stm32h750xx.o(.text)
    UART5_IRQHandler                         0x08000353   Thumb Code     0  startup_stm32h750xx.o(.text)
    UART7_IRQHandler                         0x08000353   Thumb Code     0  startup_stm32h750xx.o(.text)
    UART8_IRQHandler                         0x08000353   Thumb Code     0  startup_stm32h750xx.o(.text)
    USART1_IRQHandler                        0x08000353   Thumb Code     0  startup_stm32h750xx.o(.text)
    USART2_IRQHandler                        0x08000353   Thumb Code     0  startup_stm32h750xx.o(.text)
    USART3_IRQHandler                        0x08000353   Thumb Code     0  startup_stm32h750xx.o(.text)
    USART6_IRQHandler                        0x08000353   Thumb Code     0  startup_stm32h750xx.o(.text)
    WAKEUP_PIN_IRQHandler                    0x08000353   Thumb Code     0  startup_stm32h750xx.o(.text)
    WWDG_IRQHandler                          0x08000353   Thumb Code     0  startup_stm32h750xx.o(.text)
    __user_initial_stackheap                 0x08000355   Thumb Code     0  startup_stm32h750xx.o(.text)
    __use_no_semihosting                     0x08000379   Thumb Code     2  use_no_semi_2.o(.text)
    __aeabi_uldivmod                         0x0800037b   Thumb Code     0  lludivv7m.o(.text)
    _ll_udiv                                 0x0800037b   Thumb Code   240  lludivv7m.o(.text)
    puts                                     0x0800046d   Thumb Code    40  puts.o(.text)
    __aeabi_memclr4                          0x08000499   Thumb Code     0  rt_memclr_w.o(.text)
    __aeabi_memclr8                          0x08000499   Thumb Code     0  rt_memclr_w.o(.text)
    __rt_memclr_w                            0x08000499   Thumb Code     0  rt_memclr_w.o(.text)
    _memset_w                                0x0800049d   Thumb Code    74  rt_memclr_w.o(.text)
    __use_two_region_memory                  0x080004e7   Thumb Code     2  heapauxi.o(.text)
    __rt_heap_escrow$2region                 0x080004e9   Thumb Code     2  heapauxi.o(.text)
    __rt_heap_expand$2region                 0x080004eb   Thumb Code     2  heapauxi.o(.text)
    __I$use$semihosting                      0x080004ed   Thumb Code     0  use_no_semi.o(.text)
    __use_no_semihosting_swi                 0x080004ed   Thumb Code     2  use_no_semi.o(.text)
    __user_setup_stackheap                   0x080004ef   Thumb Code    74  sys_stackheap_outer.o(.text)
    exit                                     0x08000539   Thumb Code    18  exit.o(.text)
    __user_libspace                          0x0800054d   Thumb Code     8  libspace.o(.text)
    __user_perproc_libspace                  0x0800054d   Thumb Code     0  libspace.o(.text)
    __user_perthread_libspace                0x0800054d   Thumb Code     0  libspace.o(.text)
    ADC_ConfigureBoostMode                   0x08000559   Thumb Code   278  stm32h7xx_hal_adc.o(.text.ADC_ConfigureBoostMode)
    ADC_ConversionStop                       0x08000671   Thumb Code   290  stm32h7xx_hal_adc.o(.text.ADC_ConversionStop)
    ADC_Disable                              0x08000799   Thumb Code   126  stm32h7xx_hal_adc.o(.text.ADC_Disable)
    ADC_Enable                               0x08000819   Thumb Code   192  stm32h7xx_hal_adc.o(.text.ADC_Enable)
    ADC_IRQHandler                           0x080008d9   Thumb Code    16  stm32h7xx_it.o(.text.ADC_IRQHandler)
    BusFault_Handler                         0x080008e9   Thumb Code     2  stm32h7xx_it.o(.text.BusFault_Handler)
    DebugMon_Handler                         0x080008f1   Thumb Code     2  stm32h7xx_it.o(.text.DebugMon_Handler)
    Error_Handler                            0x080008f9   Thumb Code    10  main.o(.text.Error_Handler)
    HAL_ADCEx_Calibration_Start              0x08000909   Thumb Code   220  stm32h7xx_hal_adc_ex.o(.text.HAL_ADCEx_Calibration_Start)
    HAL_ADCEx_EndOfSamplingCallback          0x080009e9   Thumb Code     2  stm32h7xx_hal_adc_ex.o(.text.HAL_ADCEx_EndOfSamplingCallback)
    HAL_ADCEx_InjectedConvCpltCallback       0x080009f1   Thumb Code     2  stm32h7xx_hal_adc_ex.o(.text.HAL_ADCEx_InjectedConvCpltCallback)
    HAL_ADCEx_InjectedQueueOverflowCallback  0x080009f9   Thumb Code     2  stm32h7xx_hal_adc_ex.o(.text.HAL_ADCEx_InjectedQueueOverflowCallback)
    HAL_ADCEx_LevelOutOfWindow2Callback      0x08000a01   Thumb Code     2  stm32h7xx_hal_adc_ex.o(.text.HAL_ADCEx_LevelOutOfWindow2Callback)
    HAL_ADCEx_LevelOutOfWindow3Callback      0x08000a09   Thumb Code     2  stm32h7xx_hal_adc_ex.o(.text.HAL_ADCEx_LevelOutOfWindow3Callback)
    HAL_ADCEx_MultiModeConfigChannel         0x08000a11   Thumb Code   402  stm32h7xx_hal_adc_ex.o(.text.HAL_ADCEx_MultiModeConfigChannel)
    HAL_ADC_ConfigChannel                    0x08000ba9   Thumb Code  2078  stm32h7xx_hal_adc.o(.text.HAL_ADC_ConfigChannel)
    HAL_ADC_ConvCpltCallback                 0x080013c9   Thumb Code    40  run.o(.text.HAL_ADC_ConvCpltCallback)
    HAL_ADC_ErrorCallback                    0x080013f1   Thumb Code     2  stm32h7xx_hal_adc.o(.text.HAL_ADC_ErrorCallback)
    HAL_ADC_GetValue                         0x080013f9   Thumb Code    64  stm32h7xx_hal_adc.o(.text.HAL_ADC_GetValue)
    HAL_ADC_IRQHandler                       0x08001439   Thumb Code   686  stm32h7xx_hal_adc.o(.text.HAL_ADC_IRQHandler)
    HAL_ADC_Init                             0x080016e9   Thumb Code  1262  stm32h7xx_hal_adc.o(.text.HAL_ADC_Init)
    HAL_ADC_LevelOutOfWindowCallback         0x08001bd9   Thumb Code     2  stm32h7xx_hal_adc.o(.text.HAL_ADC_LevelOutOfWindowCallback)
    HAL_ADC_MspInit                          0x08001be1   Thumb Code   180  adc.o(.text.HAL_ADC_MspInit)
    HAL_ADC_Start_IT                         0x08001c99   Thumb Code   402  stm32h7xx_hal_adc.o(.text.HAL_ADC_Start_IT)
    HAL_ADC_Stop_IT                          0x08001e31   Thumb Code   124  stm32h7xx_hal_adc.o(.text.HAL_ADC_Stop_IT)
    HAL_GPIO_Init                            0x08001eb1   Thumb Code   642  stm32h7xx_hal_gpio.o(.text.HAL_GPIO_Init)
    HAL_GPIO_ReadPin                         0x08002139   Thumb Code    34  stm32h7xx_hal_gpio.o(.text.HAL_GPIO_ReadPin)
    HAL_GPIO_WritePin                        0x08002161   Thumb Code    66  stm32h7xx_hal_gpio.o(.text.HAL_GPIO_WritePin)
    HAL_GetREVID                             0x080021a9   Thumb Code    14  stm32h7xx_hal.o(.text.HAL_GetREVID)
    HAL_GetTick                              0x080021b9   Thumb Code    12  stm32h7xx_hal.o(.text.HAL_GetTick)
    HAL_IncTick                              0x080021c9   Thumb Code    26  stm32h7xx_hal.o(.text.HAL_IncTick)
    HAL_Init                                 0x080021e9   Thumb Code   100  stm32h7xx_hal.o(.text.HAL_Init)
    HAL_InitTick                             0x08002251   Thumb Code    84  stm32h7xx_hal.o(.text.HAL_InitTick)
    HAL_MspInit                              0x080022a9   Thumb Code    32  stm32h7xx_hal_msp.o(.text.HAL_MspInit)
    HAL_NVIC_EnableIRQ                       0x080022c9   Thumb Code    32  stm32h7xx_hal_cortex.o(.text.HAL_NVIC_EnableIRQ)
    HAL_NVIC_SetPriority                     0x080022e9   Thumb Code    66  stm32h7xx_hal_cortex.o(.text.HAL_NVIC_SetPriority)
    HAL_NVIC_SetPriorityGrouping             0x08002331   Thumb Code    32  stm32h7xx_hal_cortex.o(.text.HAL_NVIC_SetPriorityGrouping)
    HAL_PWREx_ConfigSupply                   0x08002351   Thumb Code    96  stm32h7xx_hal_pwr_ex.o(.text.HAL_PWREx_ConfigSupply)
    HAL_RCCEx_GetD3PCLK1Freq                 0x080023b1   Thumb Code    38  stm32h7xx_hal_rcc_ex.o(.text.HAL_RCCEx_GetD3PCLK1Freq)
    HAL_RCCEx_GetPLL1ClockFreq               0x080023d9   Thumb Code   296  stm32h7xx_hal_rcc_ex.o(.text.HAL_RCCEx_GetPLL1ClockFreq)
    HAL_RCCEx_GetPLL2ClockFreq               0x08002501   Thumb Code   292  stm32h7xx_hal_rcc_ex.o(.text.HAL_RCCEx_GetPLL2ClockFreq)
    HAL_RCCEx_GetPLL3ClockFreq               0x08002629   Thumb Code   292  stm32h7xx_hal_rcc_ex.o(.text.HAL_RCCEx_GetPLL3ClockFreq)
    HAL_RCCEx_GetPeriphCLKFreq               0x08002751   Thumb Code   850  stm32h7xx_hal_rcc_ex.o(.text.HAL_RCCEx_GetPeriphCLKFreq)
    HAL_RCCEx_PeriphCLKConfig                0x08002aa9   Thumb Code  3882  stm32h7xx_hal_rcc_ex.o(.text.HAL_RCCEx_PeriphCLKConfig)
    HAL_RCC_ClockConfig                      0x080039d9   Thumb Code  1150  stm32h7xx_hal_rcc.o(.text.HAL_RCC_ClockConfig)
    HAL_RCC_GetHCLKFreq                      0x08003e59   Thumb Code    76  stm32h7xx_hal_rcc.o(.text.HAL_RCC_GetHCLKFreq)
    HAL_RCC_GetPCLK1Freq                     0x08003ea9   Thumb Code    38  stm32h7xx_hal_rcc.o(.text.HAL_RCC_GetPCLK1Freq)
    HAL_RCC_GetPCLK2Freq                     0x08003ed1   Thumb Code    38  stm32h7xx_hal_rcc.o(.text.HAL_RCC_GetPCLK2Freq)
    HAL_RCC_GetSysClockFreq                  0x08003ef9   Thumb Code   264  stm32h7xx_hal_rcc.o(.text.HAL_RCC_GetSysClockFreq)
    HAL_RCC_OscConfig                        0x08004001   Thumb Code  2260  stm32h7xx_hal_rcc.o(.text.HAL_RCC_OscConfig)
    HAL_SYSTICK_Config                       0x080048d9   Thumb Code     8  stm32h7xx_hal_cortex.o(.text.HAL_SYSTICK_Config)
    HAL_TIMEx_Break2Callback                 0x080048e1   Thumb Code     2  stm32h7xx_hal_tim_ex.o(.text.HAL_TIMEx_Break2Callback)
    HAL_TIMEx_BreakCallback                  0x080048e9   Thumb Code     2  stm32h7xx_hal_tim_ex.o(.text.HAL_TIMEx_BreakCallback)
    HAL_TIMEx_CommutCallback                 0x080048f1   Thumb Code     2  stm32h7xx_hal_tim_ex.o(.text.HAL_TIMEx_CommutCallback)
    HAL_TIMEx_MasterConfigSynchronization    0x080048f9   Thumb Code   450  stm32h7xx_hal_tim_ex.o(.text.HAL_TIMEx_MasterConfigSynchronization)
    HAL_TIM_Base_Init                        0x08004ac1   Thumb Code   474  stm32h7xx_hal_tim.o(.text.HAL_TIM_Base_Init)
    HAL_TIM_Base_MspInit                     0x08004ca1   Thumb Code    68  tim.o(.text.HAL_TIM_Base_MspInit)
    HAL_TIM_Base_Start_IT                    0x08004ce9   Thumb Code   404  stm32h7xx_hal_tim.o(.text.HAL_TIM_Base_Start_IT)
    HAL_TIM_IC_CaptureCallback               0x08004e81   Thumb Code     2  stm32h7xx_hal_tim.o(.text.HAL_TIM_IC_CaptureCallback)
    HAL_TIM_IRQHandler                       0x08004e89   Thumb Code   392  stm32h7xx_hal_tim.o(.text.HAL_TIM_IRQHandler)
    HAL_TIM_OC_DelayElapsedCallback          0x08005011   Thumb Code     2  stm32h7xx_hal_tim.o(.text.HAL_TIM_OC_DelayElapsedCallback)
    HAL_TIM_PWM_PulseFinishedCallback        0x08005019   Thumb Code     2  stm32h7xx_hal_tim.o(.text.HAL_TIM_PWM_PulseFinishedCallback)
    HAL_TIM_PeriodElapsedCallback            0x08005021   Thumb Code   102  run.o(.text.HAL_TIM_PeriodElapsedCallback)
    HAL_TIM_TriggerCallback                  0x08005089   Thumb Code     2  stm32h7xx_hal_tim.o(.text.HAL_TIM_TriggerCallback)
    HAL_UARTEx_DisableFifoMode               0x08005091   Thumb Code   196  stm32h7xx_hal_uart_ex.o(.text.HAL_UARTEx_DisableFifoMode)
    HAL_UARTEx_SetRxFifoThreshold            0x08005159   Thumb Code   240  stm32h7xx_hal_uart_ex.o(.text.HAL_UARTEx_SetRxFifoThreshold)
    HAL_UARTEx_SetTxFifoThreshold            0x08005249   Thumb Code   260  stm32h7xx_hal_uart_ex.o(.text.HAL_UARTEx_SetTxFifoThreshold)
    HAL_UART_Init                            0x08005351   Thumb Code   396  stm32h7xx_hal_uart.o(.text.HAL_UART_Init)
    HAL_UART_MspInit                         0x080054e1   Thumb Code   144  usart.o(.text.HAL_UART_MspInit)
    HAL_UART_Transmit                        0x08005571   Thumb Code   198  stm32h7xx_hal_uart.o(.text.HAL_UART_Transmit)
    HardFault_Handler                        0x08005639   Thumb Code     2  stm32h7xx_it.o(.text.HardFault_Handler)
    MX_ADC1_Init                             0x080058a1   Thumb Code   178  adc.o(.text.MX_ADC1_Init)
    MX_GPIO_Init                             0x08005959   Thumb Code   174  gpio.o(.text.MX_GPIO_Init)
    MX_TIM6_Init                             0x08005a09   Thumb Code    82  tim.o(.text.MX_TIM6_Init)
    MX_USART1_UART_Init                      0x08005a61   Thumb Code   126  usart.o(.text.MX_USART1_UART_Init)
    MemManage_Handler                        0x08005ae1   Thumb Code     2  stm32h7xx_it.o(.text.MemManage_Handler)
    NMI_Handler                              0x08005ae9   Thumb Code     2  stm32h7xx_it.o(.text.NMI_Handler)
    PendSV_Handler                           0x08005b21   Thumb Code     2  stm32h7xx_it.o(.text.PendSV_Handler)
    PeriphCommonClock_Config                 0x08005b29   Thumb Code    48  main.o(.text.PeriphCommonClock_Config)
    SVC_Handler                              0x08005f29   Thumb Code     2  stm32h7xx_it.o(.text.SVC_Handler)
    SysTick_Handler                          0x08005f61   Thumb Code     8  stm32h7xx_it.o(.text.SysTick_Handler)
    SystemClock_Config                       0x08005f69   Thumb Code   280  main.o(.text.SystemClock_Config)
    SystemInit                               0x08006081   Thumb Code   204  system_stm32h7xx.o(.text.SystemInit)
    TIM6_DAC_IRQHandler                      0x08006151   Thumb Code    16  stm32h7xx_it.o(.text.TIM6_DAC_IRQHandler)
    TIM_Base_SetConfig                       0x08006161   Thumb Code   314  stm32h7xx_hal_tim.o(.text.TIM_Base_SetConfig)
    UART_AdvFeatureConfig                    0x080062f9   Thumb Code   626  stm32h7xx_hal_uart.o(.text.UART_AdvFeatureConfig)
    UART_CheckIdleState                      0x08006571   Thumb Code   184  stm32h7xx_hal_uart.o(.text.UART_CheckIdleState)
    UART_SetConfig                           0x08006689   Thumb Code  1696  stm32h7xx_hal_uart.o(.text.UART_SetConfig)
    UART_WaitOnFlagUntilTimeout              0x08006d29   Thumb Code   186  stm32h7xx_hal_uart.o(.text.UART_WaitOnFlagUntilTimeout)
    UsageFault_Handler                       0x08006de9   Thumb Code     2  stm32h7xx_it.o(.text.UsageFault_Handler)
    _sys_exit                                0x08006e69   Thumb Code     2  public.o(.text._sys_exit)
    assert_failed                            0x08006e71   Thumb Code     2  main.o(.text.assert_failed)
    fputc                                    0x08006e79   Thumb Code    30  public.o(.text.fputc)
    init                                     0x08006e99   Thumb Code    64  init.o(.text.init)
    key1_bounce                              0x08006ee1   Thumb Code    12  key_demo.o(.text.key1_bounce)
    key1_click                               0x08006ef9   Thumb Code    24  key_demo.o(.text.key1_click)
    key1_dbclick                             0x08006f21   Thumb Code    36  key_demo.o(.text.key1_dbclick)
    key1_lp                                  0x08006f51   Thumb Code    12  key_demo.o(.text.key1_lp)
    key1_press                               0x08006f69   Thumb Code    12  key_demo.o(.text.key1_press)
    key3_click                               0x08006f81   Thumb Code    20  key_demo.o(.text.key3_click)
    key4_click                               0x08006f99   Thumb Code    20  key_demo.o(.text.key4_click)
    key5_click                               0x08006fb1   Thumb Code    20  key_demo.o(.text.key5_click)
    key6_click                               0x08006fc9   Thumb Code    20  key_demo.o(.text.key6_click)
    key_adc_update                           0x08006ff1   Thumb Code   230  key.o(.text.key_adc_update)
    key_callback_handle                      0x08007111   Thumb Code    62  key.o(.text.key_callback_handle)
    key_demo_init                            0x080072c1   Thumb Code   198  key_demo.o(.text.key_demo_init)
    key_detect_scan                          0x08007481   Thumb Code    56  key.o(.text.key_detect_scan)
    key_get_event                            0x08007509   Thumb Code     6  key.o(.text.key_get_event)
    key_init                                 0x08007511   Thumb Code   258  key.o(.text.key_init)
    key_onbounce_register                    0x08007661   Thumb Code    20  key.o(.text.key_onbounce_register)
    key_onclick_register                     0x08007679   Thumb Code    22  key.o(.text.key_onclick_register)
    key_onclick_unregister                   0x08007691   Thumb Code    22  key.o(.text.key_onclick_unregister)
    key_ondbclick_register                   0x080076a9   Thumb Code    22  key.o(.text.key_ondbclick_register)
    key_onlp_register                        0x080076c1   Thumb Code    22  key.o(.text.key_onlp_register)
    key_onpress_register                     0x080076d9   Thumb Code    20  key.o(.text.key_onpress_register)
    key_set_level                            0x08007729   Thumb Code    20  key.o(.text.key_set_level)
    main                                     0x08007741   Thumb Code   178  main.o(.text.main)
    my_tick_elaps                            0x080077f9   Thumb Code    12  public.o(.text.my_tick_elaps)
    my_tick_get                              0x08007809   Thumb Code    30  public.o(.text.my_tick_get)
    my_tick_inc                              0x08007829   Thumb Code    28  public.o(.text.my_tick_inc)
    queue_extract                            0x08007849   Thumb Code    48  my_queue.o(.text.queue_extract)
    queue_init                               0x08007879   Thumb Code    14  my_queue.o(.text.queue_init)
    queue_insert                             0x08007889   Thumb Code    48  my_queue.o(.text.queue_insert)
    queue_length                             0x080078b9   Thumb Code    24  my_queue.o(.text.queue_length)
    run                                      0x080078d1   Thumb Code   110  run.o(.text.run)
    slink_getData                            0x08007941   Thumb Code    40  staticlinklist.o(.text.slink_getData)
    slink_init                               0x08007969   Thumb Code    42  staticlinklist.o(.text.slink_init)
    slink_insert                             0x08007999   Thumb Code    96  staticlinklist.o(.text.slink_insert)
    slink_length                             0x080079f9   Thumb Code    26  staticlinklist.o(.text.slink_length)
    slink_malloc                             0x08007a19   Thumb Code    20  staticlinklist.o(.text.slink_malloc)
    _fp_init                                 0x08007a2d   Thumb Code    26  fpinit.o(x$fpl$fpinit)
    __fplib_config_fpu_vfp                   0x08007a45   Thumb Code     0  fpinit.o(x$fpl$fpinit)
    __fplib_config_pureend_doubles           0x08007a45   Thumb Code     0  fpinit.o(x$fpl$fpinit)
    D1CorePrescTable                         0x08007a46   Data          16  system_stm32h7xx.o(.rodata.D1CorePrescTable)
    UARTPrescTable                           0x08007a56   Data          24  stm32h7xx_hal_uart.o(.rodata.UARTPrescTable)
    Region$$Table$$Base                      0x08007d38   Number         0  anon$$obj.o(Region$$Table)
    Region$$Table$$Limit                     0x08007d58   Number         0  anon$$obj.o(Region$$Table)
    SystemCoreClock                          0x24000000   Data           4  system_stm32h7xx.o(.data.SystemCoreClock)
    SystemD2Clock                            0x24000004   Data           4  system_stm32h7xx.o(.data.SystemD2Clock)
    uwTickFreq                               0x24000008   Data           1  stm32h7xx_hal.o(.data.uwTickFreq)
    uwTickPrio                               0x2400000c   Data           4  stm32h7xx_hal.o(.data.uwTickPrio)
    __libspace_start                         0x24000010   Data          96  libspace.o(.bss)
    KeyADCPort                               0x24000070   Data           8  key.o(.bss.KeyADCPort)
    __temporary_stack_top$libspace           0x24000070   Data           0  libspace.o(.bss)
    __stdout                                 0x24000078   Data          84  public.o(.bss.__stdout)
    adcValue                                 0x240000cc   Data           4  run.o(.bss.adcValue)
    cont1                                    0x240000d0   Data           2  run.o(.bss.cont1)
    hadc1                                    0x240000d4   Data         100  adc.o(.bss.hadc1)
    htim6                                    0x24000138   Data          76  tim.o(.bss.htim6)
    huart1                                   0x24000184   Data         148  usart.o(.bss.huart1)
    key1                                     0x24000218   Data         288  key.o(.bss.key1)
    key2                                     0x24000338   Data         288  key.o(.bss.key2)
    key3                                     0x24000458   Data         288  key.o(.bss.key3)
    key4                                     0x24000578   Data         288  key.o(.bss.key4)
    key5                                     0x24000698   Data         288  key.o(.bss.key5)
    key6                                     0x240007b8   Data         288  key.o(.bss.key6)
    key_cb_array                             0x240008d8   Data         200  key.o(.bss.key_cb_array)
    key_cb_queue                             0x240009a0   Data           8  key.o(.bss.key_cb_queue)
    uwTick                                   0x240009f8   Data           4  stm32h7xx_hal.o(.bss.uwTick)



==============================================================================

Memory Map of the image

  Image Entry point : 0x08000299

  Load Region LR_IROM1 (Base: 0x08000000, Size: 0x00007d68, Max: 0x00200000, ABSOLUTE)

    Execution Region ER_IROM1 (Exec base: 0x08000000, Load base: 0x08000000, Size: 0x00007d58, Max: 0x00200000, ABSOLUTE)

    Exec Addr    Load Addr    Size         Type   Attr      Idx    E Section Name        Object

    0x08000000   0x08000000   0x00000298   Data   RO          155    RESET               startup_stm32h750xx.o
    0x08000298   0x08000298   0x00000008   Code   RO         2065  * !!!main             c_w.l(__main.o)
    0x080002a0   0x080002a0   0x00000034   Code   RO         2230    !!!scatter          c_w.l(__scatter.o)
    0x080002d4   0x080002d4   0x0000001a   Code   RO         2232    !!handler_copy      c_w.l(__scatter_copy.o)
    0x080002ee   0x080002ee   0x00000002   PAD
    0x080002f0   0x080002f0   0x0000001c   Code   RO         2234    !!handler_zi        c_w.l(__scatter_zi.o)
    0x0800030c   0x0800030c   0x00000002   Code   RO         2104    .ARM.Collect$$libinit$$00000000  c_w.l(libinit.o)
    0x0800030e   0x0800030e   0x00000004   Code   RO         2116    .ARM.Collect$$libinit$$00000001  c_w.l(libinit2.o)
    0x08000312   0x08000312   0x00000000   Code   RO         2119    .ARM.Collect$$libinit$$00000004  c_w.l(libinit2.o)
    0x08000312   0x08000312   0x00000000   Code   RO         2122    .ARM.Collect$$libinit$$0000000A  c_w.l(libinit2.o)
    0x08000312   0x08000312   0x00000000   Code   RO         2124    .ARM.Collect$$libinit$$0000000C  c_w.l(libinit2.o)
    0x08000312   0x08000312   0x00000000   Code   RO         2126    .ARM.Collect$$libinit$$0000000E  c_w.l(libinit2.o)
    0x08000312   0x08000312   0x00000000   Code   RO         2129    .ARM.Collect$$libinit$$00000011  c_w.l(libinit2.o)
    0x08000312   0x08000312   0x00000000   Code   RO         2131    .ARM.Collect$$libinit$$00000013  c_w.l(libinit2.o)
    0x08000312   0x08000312   0x00000000   Code   RO         2133    .ARM.Collect$$libinit$$00000015  c_w.l(libinit2.o)
    0x08000312   0x08000312   0x00000000   Code   RO         2135    .ARM.Collect$$libinit$$00000017  c_w.l(libinit2.o)
    0x08000312   0x08000312   0x00000000   Code   RO         2137    .ARM.Collect$$libinit$$00000019  c_w.l(libinit2.o)
    0x08000312   0x08000312   0x00000000   Code   RO         2139    .ARM.Collect$$libinit$$0000001B  c_w.l(libinit2.o)
    0x08000312   0x08000312   0x00000000   Code   RO         2141    .ARM.Collect$$libinit$$0000001D  c_w.l(libinit2.o)
    0x08000312   0x08000312   0x00000000   Code   RO         2143    .ARM.Collect$$libinit$$0000001F  c_w.l(libinit2.o)
    0x08000312   0x08000312   0x00000000   Code   RO         2145    .ARM.Collect$$libinit$$00000021  c_w.l(libinit2.o)
    0x08000312   0x08000312   0x00000000   Code   RO         2147    .ARM.Collect$$libinit$$00000023  c_w.l(libinit2.o)
    0x08000312   0x08000312   0x00000000   Code   RO         2149    .ARM.Collect$$libinit$$00000025  c_w.l(libinit2.o)
    0x08000312   0x08000312   0x00000000   Code   RO         2153    .ARM.Collect$$libinit$$0000002C  c_w.l(libinit2.o)
    0x08000312   0x08000312   0x00000000   Code   RO         2155    .ARM.Collect$$libinit$$0000002E  c_w.l(libinit2.o)
    0x08000312   0x08000312   0x00000000   Code   RO         2157    .ARM.Collect$$libinit$$00000030  c_w.l(libinit2.o)
    0x08000312   0x08000312   0x00000000   Code   RO         2159    .ARM.Collect$$libinit$$00000032  c_w.l(libinit2.o)
    0x08000312   0x08000312   0x00000002   Code   RO         2160    .ARM.Collect$$libinit$$00000033  c_w.l(libinit2.o)
    0x08000314   0x08000314   0x00000002   Code   RO         2184    .ARM.Collect$$libshutdown$$00000000  c_w.l(libshutdown.o)
    0x08000316   0x08000316   0x00000000   Code   RO         2212    .ARM.Collect$$libshutdown$$00000002  c_w.l(libshutdown2.o)
    0x08000316   0x08000316   0x00000000   Code   RO         2214    .ARM.Collect$$libshutdown$$00000004  c_w.l(libshutdown2.o)
    0x08000316   0x08000316   0x00000000   Code   RO         2217    .ARM.Collect$$libshutdown$$00000007  c_w.l(libshutdown2.o)
    0x08000316   0x08000316   0x00000000   Code   RO         2220    .ARM.Collect$$libshutdown$$0000000A  c_w.l(libshutdown2.o)
    0x08000316   0x08000316   0x00000000   Code   RO         2222    .ARM.Collect$$libshutdown$$0000000C  c_w.l(libshutdown2.o)
    0x08000316   0x08000316   0x00000000   Code   RO         2225    .ARM.Collect$$libshutdown$$0000000F  c_w.l(libshutdown2.o)
    0x08000316   0x08000316   0x00000002   Code   RO         2226    .ARM.Collect$$libshutdown$$00000010  c_w.l(libshutdown2.o)
    0x08000318   0x08000318   0x00000000   Code   RO         2069    .ARM.Collect$$rtentry$$00000000  c_w.l(__rtentry.o)
    0x08000318   0x08000318   0x00000000   Code   RO         2075    .ARM.Collect$$rtentry$$00000002  c_w.l(__rtentry2.o)
    0x08000318   0x08000318   0x00000006   Code   RO         2087    .ARM.Collect$$rtentry$$00000004  c_w.l(__rtentry4.o)
    0x0800031e   0x0800031e   0x00000000   Code   RO         2077    .ARM.Collect$$rtentry$$00000009  c_w.l(__rtentry2.o)
    0x0800031e   0x0800031e   0x00000004   Code   RO         2078    .ARM.Collect$$rtentry$$0000000A  c_w.l(__rtentry2.o)
    0x08000322   0x08000322   0x00000000   Code   RO         2080    .ARM.Collect$$rtentry$$0000000C  c_w.l(__rtentry2.o)
    0x08000322   0x08000322   0x00000008   Code   RO         2081    .ARM.Collect$$rtentry$$0000000D  c_w.l(__rtentry2.o)
    0x0800032a   0x0800032a   0x00000002   Code   RO         2108    .ARM.Collect$$rtexit$$00000000  c_w.l(rtexit.o)
    0x0800032c   0x0800032c   0x00000000   Code   RO         2162    .ARM.Collect$$rtexit$$00000002  c_w.l(rtexit2.o)
    0x0800032c   0x0800032c   0x00000004   Code   RO         2163    .ARM.Collect$$rtexit$$00000003  c_w.l(rtexit2.o)
    0x08000330   0x08000330   0x00000006   Code   RO         2164    .ARM.Collect$$rtexit$$00000004  c_w.l(rtexit2.o)
    0x08000336   0x08000336   0x00000002   PAD
    0x08000338   0x08000338   0x00000040   Code   RO          156    .text               startup_stm32h750xx.o
    0x08000378   0x08000378   0x00000002   Code   RO         2055    .text               c_w.l(use_no_semi_2.o)
    0x0800037a   0x0800037a   0x000000f0   Code   RO         2057    .text               c_w.l(lludivv7m.o)
    0x0800046a   0x0800046a   0x00000002   PAD
    0x0800046c   0x0800046c   0x0000002c   Code   RO         2059    .text               c_w.l(puts.o)
    0x08000498   0x08000498   0x0000004e   Code   RO         2061    .text               c_w.l(rt_memclr_w.o)
    0x080004e6   0x080004e6   0x00000006   Code   RO         2063    .text               c_w.l(heapauxi.o)
    0x080004ec   0x080004ec   0x00000002   Code   RO         2067    .text               c_w.l(use_no_semi.o)
    0x080004ee   0x080004ee   0x0000004a   Code   RO         2091    .text               c_w.l(sys_stackheap_outer.o)
    0x08000538   0x08000538   0x00000012   Code   RO         2093    .text               c_w.l(exit.o)
    0x0800054a   0x0800054a   0x00000002   PAD
    0x0800054c   0x0800054c   0x00000008   Code   RO         2105    .text               c_w.l(libspace.o)
    0x08000554   0x08000554   0x00000004   PAD
    0x08000558   0x08000558   0x00000116   Code   RO          333    .text.ADC_ConfigureBoostMode  stm32h7xx_hal_adc.o
    0x0800066e   0x0800066e   0x00000002   PAD
    0x08000670   0x08000670   0x00000122   Code   RO          337    .text.ADC_ConversionStop  stm32h7xx_hal_adc.o
    0x08000792   0x08000792   0x00000006   PAD
    0x08000798   0x08000798   0x0000007e   Code   RO          339    .text.ADC_Disable   stm32h7xx_hal_adc.o
    0x08000816   0x08000816   0x00000002   PAD
    0x08000818   0x08000818   0x000000c0   Code   RO          347    .text.ADC_Enable    stm32h7xx_hal_adc.o
    0x080008d8   0x080008d8   0x00000010   Code   RO          254    .text.ADC_IRQHandler  stm32h7xx_it.o
    0x080008e8   0x080008e8   0x00000002   Code   RO          242    .text.BusFault_Handler  stm32h7xx_it.o
    0x080008ea   0x080008ea   0x00000006   PAD
    0x080008f0   0x080008f0   0x00000002   Code   RO          248    .text.DebugMon_Handler  stm32h7xx_it.o
    0x080008f2   0x080008f2   0x00000006   PAD
    0x080008f8   0x080008f8   0x0000000a   Code   RO          169    .text.Error_Handler  main.o
    0x08000902   0x08000902   0x00000006   PAD
    0x08000908   0x08000908   0x000000dc   Code   RO          456    .text.HAL_ADCEx_Calibration_Start  stm32h7xx_hal_adc_ex.o
    0x080009e4   0x080009e4   0x00000004   PAD
    0x080009e8   0x080009e8   0x00000002   Code   RO          526    .text.HAL_ADCEx_EndOfSamplingCallback  stm32h7xx_hal_adc_ex.o
    0x080009ea   0x080009ea   0x00000006   PAD
    0x080009f0   0x080009f0   0x00000002   Code   RO          518    .text.HAL_ADCEx_InjectedConvCpltCallback  stm32h7xx_hal_adc_ex.o
    0x080009f2   0x080009f2   0x00000006   PAD
    0x080009f8   0x080009f8   0x00000002   Code   RO          520    .text.HAL_ADCEx_InjectedQueueOverflowCallback  stm32h7xx_hal_adc_ex.o
    0x080009fa   0x080009fa   0x00000006   PAD
    0x08000a00   0x08000a00   0x00000002   Code   RO          522    .text.HAL_ADCEx_LevelOutOfWindow2Callback  stm32h7xx_hal_adc_ex.o
    0x08000a02   0x08000a02   0x00000006   PAD
    0x08000a08   0x08000a08   0x00000002   Code   RO          524    .text.HAL_ADCEx_LevelOutOfWindow3Callback  stm32h7xx_hal_adc_ex.o
    0x08000a0a   0x08000a0a   0x00000006   PAD
    0x08000a10   0x08000a10   0x00000192   Code   RO          554    .text.HAL_ADCEx_MultiModeConfigChannel  stm32h7xx_hal_adc_ex.o
    0x08000ba2   0x08000ba2   0x00000006   PAD
    0x08000ba8   0x08000ba8   0x0000081e   Code   RO          391    .text.HAL_ADC_ConfigChannel  stm32h7xx_hal_adc.o
    0x080013c6   0x080013c6   0x00000002   PAD
    0x080013c8   0x080013c8   0x00000028   Code   RO            6    .text.HAL_ADC_ConvCpltCallback  run.o
    0x080013f0   0x080013f0   0x00000002   Code   RO          387    .text.HAL_ADC_ErrorCallback  stm32h7xx_hal_adc.o
    0x080013f2   0x080013f2   0x00000006   PAD
    0x080013f8   0x080013f8   0x00000040   Code   RO          377    .text.HAL_ADC_GetValue  stm32h7xx_hal_adc.o
    0x08001438   0x08001438   0x000002ae   Code   RO          379    .text.HAL_ADC_IRQHandler  stm32h7xx_hal_adc.o
    0x080016e6   0x080016e6   0x00000002   PAD
    0x080016e8   0x080016e8   0x000004ee   Code   RO          313    .text.HAL_ADC_Init  stm32h7xx_hal_adc.o
    0x08001bd6   0x08001bd6   0x00000002   PAD
    0x08001bd8   0x08001bd8   0x00000002   Code   RO          385    .text.HAL_ADC_LevelOutOfWindowCallback  stm32h7xx_hal_adc.o
    0x08001bda   0x08001bda   0x00000006   PAD
    0x08001be0   0x08001be0   0x000000b4   Code   RO          193    .text.HAL_ADC_MspInit  adc.o
    0x08001c94   0x08001c94   0x00000004   PAD
    0x08001c98   0x08001c98   0x00000192   Code   RO          361    .text.HAL_ADC_Start_IT  stm32h7xx_hal_adc.o
    0x08001e2a   0x08001e2a   0x00000006   PAD
    0x08001e30   0x08001e30   0x0000007c   Code   RO          363    .text.HAL_ADC_Stop_IT  stm32h7xx_hal_adc.o
    0x08001eac   0x08001eac   0x00000004   PAD
    0x08001eb0   0x08001eb0   0x00000282   Code   RO          780    .text.HAL_GPIO_Init  stm32h7xx_hal_gpio.o
    0x08002132   0x08002132   0x00000006   PAD
    0x08002138   0x08002138   0x00000022   Code   RO          784    .text.HAL_GPIO_ReadPin  stm32h7xx_hal_gpio.o
    0x0800215a   0x0800215a   0x00000006   PAD
    0x08002160   0x08002160   0x00000042   Code   RO          786    .text.HAL_GPIO_WritePin  stm32h7xx_hal_gpio.o
    0x080021a2   0x080021a2   0x00000006   PAD
    0x080021a8   0x080021a8   0x0000000e   Code   RO         1192    .text.HAL_GetREVID  stm32h7xx_hal.o
    0x080021b6   0x080021b6   0x00000002   PAD
    0x080021b8   0x080021b8   0x0000000c   Code   RO         1176    .text.HAL_GetTick   stm32h7xx_hal.o
    0x080021c4   0x080021c4   0x00000004   PAD
    0x080021c8   0x080021c8   0x0000001a   Code   RO         1174    .text.HAL_IncTick   stm32h7xx_hal.o
    0x080021e2   0x080021e2   0x00000006   PAD
    0x080021e8   0x080021e8   0x00000064   Code   RO         1164    .text.HAL_Init      stm32h7xx_hal.o
    0x0800224c   0x0800224c   0x00000004   PAD
    0x08002250   0x08002250   0x00000054   Code   RO         1166    .text.HAL_InitTick  stm32h7xx_hal.o
    0x080022a4   0x080022a4   0x00000004   PAD
    0x080022a8   0x080022a8   0x00000020   Code   RO          265    .text.HAL_MspInit   stm32h7xx_hal_msp.o
    0x080022c8   0x080022c8   0x00000020   Code   RO         1101    .text.HAL_NVIC_EnableIRQ  stm32h7xx_hal_cortex.o
    0x080022e8   0x080022e8   0x00000042   Code   RO         1093    .text.HAL_NVIC_SetPriority  stm32h7xx_hal_cortex.o
    0x0800232a   0x0800232a   0x00000006   PAD
    0x08002330   0x08002330   0x00000020   Code   RO         1089    .text.HAL_NVIC_SetPriorityGrouping  stm32h7xx_hal_cortex.o
    0x08002350   0x08002350   0x00000060   Code   RO         1000    .text.HAL_PWREx_ConfigSupply  stm32h7xx_hal_pwr_ex.o
    0x080023b0   0x080023b0   0x00000026   Code   RO          632    .text.HAL_RCCEx_GetD3PCLK1Freq  stm32h7xx_hal_rcc_ex.o
    0x080023d6   0x080023d6   0x00000002   PAD
    0x080023d8   0x080023d8   0x00000128   Code   RO          626    .text.HAL_RCCEx_GetPLL1ClockFreq  stm32h7xx_hal_rcc_ex.o
    0x08002500   0x08002500   0x00000124   Code   RO          628    .text.HAL_RCCEx_GetPLL2ClockFreq  stm32h7xx_hal_rcc_ex.o
    0x08002624   0x08002624   0x00000004   PAD
    0x08002628   0x08002628   0x00000124   Code   RO          630    .text.HAL_RCCEx_GetPLL3ClockFreq  stm32h7xx_hal_rcc_ex.o
    0x0800274c   0x0800274c   0x00000004   PAD
    0x08002750   0x08002750   0x00000352   Code   RO          624    .text.HAL_RCCEx_GetPeriphCLKFreq  stm32h7xx_hal_rcc_ex.o
    0x08002aa2   0x08002aa2   0x00000006   PAD
    0x08002aa8   0x08002aa8   0x00000f2a   Code   RO          616    .text.HAL_RCCEx_PeriphCLKConfig  stm32h7xx_hal_rcc_ex.o
    0x080039d2   0x080039d2   0x00000006   PAD
    0x080039d8   0x080039d8   0x0000047e   Code   RO          583    .text.HAL_RCC_ClockConfig  stm32h7xx_hal_rcc.o
    0x08003e56   0x08003e56   0x00000002   PAD
    0x08003e58   0x08003e58   0x0000004c   Code   RO          593    .text.HAL_RCC_GetHCLKFreq  stm32h7xx_hal_rcc.o
    0x08003ea4   0x08003ea4   0x00000004   PAD
    0x08003ea8   0x08003ea8   0x00000026   Code   RO          595    .text.HAL_RCC_GetPCLK1Freq  stm32h7xx_hal_rcc.o
    0x08003ece   0x08003ece   0x00000002   PAD
    0x08003ed0   0x08003ed0   0x00000026   Code   RO          597    .text.HAL_RCC_GetPCLK2Freq  stm32h7xx_hal_rcc.o
    0x08003ef6   0x08003ef6   0x00000002   PAD
    0x08003ef8   0x08003ef8   0x00000108   Code   RO          585    .text.HAL_RCC_GetSysClockFreq  stm32h7xx_hal_rcc.o
    0x08004000   0x08004000   0x000008d4   Code   RO          581    .text.HAL_RCC_OscConfig  stm32h7xx_hal_rcc.o
    0x080048d4   0x080048d4   0x00000004   PAD
    0x080048d8   0x080048d8   0x00000008   Code   RO         1113    .text.HAL_SYSTICK_Config  stm32h7xx_hal_cortex.o
    0x080048e0   0x080048e0   0x00000002   Code   RO         1828    .text.HAL_TIMEx_Break2Callback  stm32h7xx_hal_tim_ex.o
    0x080048e2   0x080048e2   0x00000006   PAD
    0x080048e8   0x080048e8   0x00000002   Code   RO         1826    .text.HAL_TIMEx_BreakCallback  stm32h7xx_hal_tim_ex.o
    0x080048ea   0x080048ea   0x00000006   PAD
    0x080048f0   0x080048f0   0x00000002   Code   RO         1822    .text.HAL_TIMEx_CommutCallback  stm32h7xx_hal_tim_ex.o
    0x080048f2   0x080048f2   0x00000006   PAD
    0x080048f8   0x080048f8   0x000001c2   Code   RO         1810    .text.HAL_TIMEx_MasterConfigSynchronization  stm32h7xx_hal_tim_ex.o
    0x08004aba   0x08004aba   0x00000006   PAD
    0x08004ac0   0x08004ac0   0x000001da   Code   RO         1491    .text.HAL_TIM_Base_Init  stm32h7xx_hal_tim.o
    0x08004c9a   0x08004c9a   0x00000006   PAD
    0x08004ca0   0x08004ca0   0x00000044   Code   RO          208    .text.HAL_TIM_Base_MspInit  tim.o
    0x08004ce4   0x08004ce4   0x00000004   PAD
    0x08004ce8   0x08004ce8   0x00000194   Code   RO         1505    .text.HAL_TIM_Base_Start_IT  stm32h7xx_hal_tim.o
    0x08004e7c   0x08004e7c   0x00000004   PAD
    0x08004e80   0x08004e80   0x00000002   Code   RO         1627    .text.HAL_TIM_IC_CaptureCallback  stm32h7xx_hal_tim.o
    0x08004e82   0x08004e82   0x00000006   PAD
    0x08004e88   0x08004e88   0x00000188   Code   RO         1625    .text.HAL_TIM_IRQHandler  stm32h7xx_hal_tim.o
    0x08005010   0x08005010   0x00000002   Code   RO         1629    .text.HAL_TIM_OC_DelayElapsedCallback  stm32h7xx_hal_tim.o
    0x08005012   0x08005012   0x00000006   PAD
    0x08005018   0x08005018   0x00000002   Code   RO         1631    .text.HAL_TIM_PWM_PulseFinishedCallback  stm32h7xx_hal_tim.o
    0x0800501a   0x0800501a   0x00000006   PAD
    0x08005020   0x08005020   0x00000066   Code   RO            4    .text.HAL_TIM_PeriodElapsedCallback  run.o
    0x08005086   0x08005086   0x00000002   PAD
    0x08005088   0x08005088   0x00000002   Code   RO         1635    .text.HAL_TIM_TriggerCallback  stm32h7xx_hal_tim.o
    0x0800508a   0x0800508a   0x00000006   PAD
    0x08005090   0x08005090   0x000000c4   Code   RO         2015    .text.HAL_UARTEx_DisableFifoMode  stm32h7xx_hal_uart_ex.o
    0x08005154   0x08005154   0x00000004   PAD
    0x08005158   0x08005158   0x000000f0   Code   RO         2019    .text.HAL_UARTEx_SetRxFifoThreshold  stm32h7xx_hal_uart_ex.o
    0x08005248   0x08005248   0x00000104   Code   RO         2017    .text.HAL_UARTEx_SetTxFifoThreshold  stm32h7xx_hal_uart_ex.o
    0x0800534c   0x0800534c   0x00000004   PAD
    0x08005350   0x08005350   0x0000018c   Code   RO         1843    .text.HAL_UART_Init  stm32h7xx_hal_uart.o
    0x080054dc   0x080054dc   0x00000004   PAD
    0x080054e0   0x080054e0   0x00000090   Code   RO          223    .text.HAL_UART_MspInit  usart.o
    0x08005570   0x08005570   0x000000c6   Code   RO         1863    .text.HAL_UART_Transmit  stm32h7xx_hal_uart.o
    0x08005636   0x08005636   0x00000002   PAD
    0x08005638   0x08005638   0x00000002   Code   RO          238    .text.HardFault_Handler  stm32h7xx_it.o
    0x0800563a   0x0800563a   0x00000006   PAD
    0x08005640   0x08005640   0x00000012   Code   RO          445    .text.LL_ADC_Disable  stm32h7xx_hal_adc.o
    0x08005652   0x08005652   0x00000006   PAD
    0x08005658   0x08005658   0x00000010   Code   RO          319    .text.LL_ADC_DisableDeepPowerDown  stm32h7xx_hal_adc.o
    0x08005668   0x08005668   0x00000012   Code   RO          443    .text.LL_ADC_Enable  stm32h7xx_hal_adc.o
    0x0800567a   0x0800567a   0x00000006   PAD
    0x08005680   0x08005680   0x00000014   Code   RO          323    .text.LL_ADC_EnableInternalRegulator  stm32h7xx_hal_adc.o
    0x08005694   0x08005694   0x00000004   PAD
    0x08005698   0x08005698   0x00000008   Code   RO          407    .text.LL_ADC_GetCommonPathInternalCh  stm32h7xx_hal_adc.o
    0x080056a0   0x080056a0   0x00000008   Code   RO          355    .text.LL_ADC_GetMultiDMATransfer  stm32h7xx_hal_adc.o
    0x080056a8   0x080056a8   0x00000008   Code   RO          345    .text.LL_ADC_GetMultimode  stm32h7xx_hal_adc.o
    0x080056b0   0x080056b0   0x0000002e   Code   RO          393    .text.LL_ADC_GetResolution  stm32h7xx_hal_adc.o
    0x080056de   0x080056de   0x00000002   PAD
    0x080056e0   0x080056e0   0x00000008   Code   RO          331    .text.LL_ADC_INJ_IsConversionOngoing  stm32h7xx_hal_adc.o
    0x080056e8   0x080056e8   0x0000000e   Code   RO          383    .text.LL_ADC_INJ_IsTriggerSourceSWStart  stm32h7xx_hal_adc.o
    0x080056f6   0x080056f6   0x00000002   PAD
    0x080056f8   0x080056f8   0x00000012   Code   RO          441    .text.LL_ADC_INJ_StopConversion  stm32h7xx_hal_adc.o
    0x0800570a   0x0800570a   0x00000006   PAD
    0x08005710   0x08005710   0x00000006   Code   RO          460    .text.LL_ADC_IsCalibrationOnGoing  stm32h7xx_hal_adc_ex.o
    0x08005716   0x08005716   0x00000002   PAD
    0x08005718   0x08005718   0x00000008   Code   RO          317    .text.LL_ADC_IsDeepPowerDownEnabled  stm32h7xx_hal_adc.o
    0x08005720   0x08005720   0x00000008   Code   RO          437    .text.LL_ADC_IsDisableOngoing  stm32h7xx_hal_adc.o
    0x08005728   0x08005728   0x00000008   Code   RO          327    .text.LL_ADC_IsEnabled  stm32h7xx_hal_adc.o
    0x08005730   0x08005730   0x00000008   Code   RO          468    .text.LL_ADC_IsEnabled  stm32h7xx_hal_adc_ex.o
    0x08005738   0x08005738   0x00000008   Code   RO          321    .text.LL_ADC_IsInternalRegulatorEnabled  stm32h7xx_hal_adc.o
    0x08005740   0x08005740   0x00000008   Code   RO          325    .text.LL_ADC_REG_IsConversionOngoing  stm32h7xx_hal_adc.o
    0x08005748   0x08005748   0x00000008   Code   RO          470    .text.LL_ADC_REG_IsConversionOngoing  stm32h7xx_hal_adc_ex.o
    0x08005750   0x08005750   0x0000000e   Code   RO          357    .text.LL_ADC_REG_IsTriggerSourceSWStart  stm32h7xx_hal_adc.o
    0x0800575e   0x0800575e   0x00000002   PAD
    0x08005760   0x08005760   0x0000002c   Code   RO          395    .text.LL_ADC_REG_SetSequencerRanks  stm32h7xx_hal_adc.o
    0x0800578c   0x0800578c   0x00000004   PAD
    0x08005790   0x08005790   0x00000012   Code   RO          349    .text.LL_ADC_REG_StartConversion  stm32h7xx_hal_adc.o
    0x080057a2   0x080057a2   0x00000006   PAD
    0x080057a8   0x080057a8   0x00000012   Code   RO          439    .text.LL_ADC_REG_StopConversion  stm32h7xx_hal_adc.o
    0x080057ba   0x080057ba   0x00000006   PAD
    0x080057c0   0x080057c0   0x00000028   Code   RO          397    .text.LL_ADC_SetChannelSamplingTime  stm32h7xx_hal_adc.o
    0x080057e8   0x080057e8   0x0000002a   Code   RO          405    .text.LL_ADC_SetChannelSingleDiff  stm32h7xx_hal_adc.o
    0x08005812   0x08005812   0x00000006   PAD
    0x08005818   0x08005818   0x0000000c   Code   RO          329    .text.LL_ADC_SetCommonClock  stm32h7xx_hal_adc.o
    0x08005824   0x08005824   0x00000004   PAD
    0x08005828   0x08005828   0x0000000c   Code   RO          409    .text.LL_ADC_SetCommonPathInternalCh  stm32h7xx_hal_adc.o
    0x08005834   0x08005834   0x00000004   PAD
    0x08005838   0x08005838   0x00000014   Code   RO          403    .text.LL_ADC_SetDataRightShift  stm32h7xx_hal_adc.o
    0x0800584c   0x0800584c   0x00000004   PAD
    0x08005850   0x08005850   0x00000016   Code   RO          399    .text.LL_ADC_SetOffset  stm32h7xx_hal_adc.o
    0x08005866   0x08005866   0x00000002   PAD
    0x08005868   0x08005868   0x00000010   Code   RO          401    .text.LL_ADC_SetOffsetSignedSaturation  stm32h7xx_hal_adc.o
    0x08005878   0x08005878   0x00000022   Code   RO          458    .text.LL_ADC_StartCalibration  stm32h7xx_hal_adc_ex.o
    0x0800589a   0x0800589a   0x00000006   PAD
    0x080058a0   0x080058a0   0x000000b2   Code   RO          191    .text.MX_ADC1_Init  adc.o
    0x08005952   0x08005952   0x00000006   PAD
    0x08005958   0x08005958   0x000000ae   Code   RO          182    .text.MX_GPIO_Init  gpio.o
    0x08005a06   0x08005a06   0x00000002   PAD
    0x08005a08   0x08005a08   0x00000052   Code   RO          206    .text.MX_TIM6_Init  tim.o
    0x08005a5a   0x08005a5a   0x00000006   PAD
    0x08005a60   0x08005a60   0x0000007e   Code   RO          221    .text.MX_USART1_UART_Init  usart.o
    0x08005ade   0x08005ade   0x00000002   PAD
    0x08005ae0   0x08005ae0   0x00000002   Code   RO          240    .text.MemManage_Handler  stm32h7xx_it.o
    0x08005ae2   0x08005ae2   0x00000006   PAD
    0x08005ae8   0x08005ae8   0x00000002   Code   RO          236    .text.NMI_Handler   stm32h7xx_it.o
    0x08005aea   0x08005aea   0x00000006   PAD
    0x08005af0   0x08005af0   0x0000002e   Code   RO         1099    .text.NVIC_EncodePriority  stm32h7xx_hal_cortex.o
    0x08005b1e   0x08005b1e   0x00000002   PAD
    0x08005b20   0x08005b20   0x00000002   Code   RO          250    .text.PendSV_Handler  stm32h7xx_it.o
    0x08005b22   0x08005b22   0x00000006   PAD
    0x08005b28   0x08005b28   0x00000030   Code   RO          167    .text.PeriphCommonClock_Config  main.o
    0x08005b58   0x08005b58   0x000001e6   Code   RO          618    .text.RCCEx_PLL2_Config  stm32h7xx_hal_rcc_ex.o
    0x08005d3e   0x08005d3e   0x00000002   PAD
    0x08005d40   0x08005d40   0x000001e6   Code   RO          620    .text.RCCEx_PLL3_Config  stm32h7xx_hal_rcc_ex.o
    0x08005f26   0x08005f26   0x00000002   PAD
    0x08005f28   0x08005f28   0x00000002   Code   RO          246    .text.SVC_Handler   stm32h7xx_it.o
    0x08005f2a   0x08005f2a   0x00000006   PAD
    0x08005f30   0x08005f30   0x0000002e   Code   RO         1115    .text.SysTick_Config  stm32h7xx_hal_cortex.o
    0x08005f5e   0x08005f5e   0x00000002   PAD
    0x08005f60   0x08005f60   0x00000008   Code   RO          252    .text.SysTick_Handler  stm32h7xx_it.o
    0x08005f68   0x08005f68   0x00000118   Code   RO          165    .text.SystemClock_Config  main.o
    0x08006080   0x08006080   0x000000cc   Code   RO         2039    .text.SystemInit    system_stm32h7xx.o
    0x0800614c   0x0800614c   0x00000004   PAD
    0x08006150   0x08006150   0x00000010   Code   RO          256    .text.TIM6_DAC_IRQHandler  stm32h7xx_it.o
    0x08006160   0x08006160   0x0000013a   Code   RO         1495    .text.TIM_Base_SetConfig  stm32h7xx_hal_tim.o
    0x0800629a   0x0800629a   0x00000006   PAD
    0x080062a0   0x080062a0   0x00000054   Code   RO         2013    .text.UARTEx_SetNbDataToProcess  stm32h7xx_hal_uart_ex.o
    0x080062f4   0x080062f4   0x00000004   PAD
    0x080062f8   0x080062f8   0x00000272   Code   RO         1849    .text.UART_AdvFeatureConfig  stm32h7xx_hal_uart.o
    0x0800656a   0x0800656a   0x00000006   PAD
    0x08006570   0x08006570   0x000000b8   Code   RO         1851    .text.UART_CheckIdleState  stm32h7xx_hal_uart.o
    0x08006628   0x08006628   0x0000005a   Code   RO         1903    .text.UART_EndRxTransfer  stm32h7xx_hal_uart.o
    0x08006682   0x08006682   0x00000006   PAD
    0x08006688   0x08006688   0x000006a0   Code   RO         1847    .text.UART_SetConfig  stm32h7xx_hal_uart.o
    0x08006d28   0x08006d28   0x000000ba   Code   RO         1865    .text.UART_WaitOnFlagUntilTimeout  stm32h7xx_hal_uart.o
    0x08006de2   0x08006de2   0x00000006   PAD
    0x08006de8   0x08006de8   0x00000002   Code   RO          244    .text.UsageFault_Handler  stm32h7xx_it.o
    0x08006dea   0x08006dea   0x00000006   PAD
    0x08006df0   0x08006df0   0x00000020   Code   RO         1103    .text.__NVIC_EnableIRQ  stm32h7xx_hal_cortex.o
    0x08006e10   0x08006e10   0x00000010   Code   RO         1095    .text.__NVIC_GetPriorityGrouping  stm32h7xx_hal_cortex.o
    0x08006e20   0x08006e20   0x00000022   Code   RO         1097    .text.__NVIC_SetPriority  stm32h7xx_hal_cortex.o
    0x08006e42   0x08006e42   0x00000006   PAD
    0x08006e48   0x08006e48   0x00000020   Code   RO         1091    .text.__NVIC_SetPriorityGrouping  stm32h7xx_hal_cortex.o
    0x08006e68   0x08006e68   0x00000002   Code   RO           26    .text._sys_exit     public.o
    0x08006e6a   0x08006e6a   0x00000006   PAD
    0x08006e70   0x08006e70   0x00000002   Code   RO          171    .text.assert_failed  main.o
    0x08006e72   0x08006e72   0x00000006   PAD
    0x08006e78   0x08006e78   0x0000001e   Code   RO           30    .text.fputc         public.o
    0x08006e96   0x08006e96   0x00000002   PAD
    0x08006e98   0x08006e98   0x00000048   Code   RO           18    .text.init          init.o
    0x08006ee0   0x08006ee0   0x00000018   Code   RO          129    .text.key1_bounce   key_demo.o
    0x08006ef8   0x08006ef8   0x00000024   Code   RO          131    .text.key1_click    key_demo.o
    0x08006f1c   0x08006f1c   0x00000004   PAD
    0x08006f20   0x08006f20   0x00000030   Code   RO          133    .text.key1_dbclick  key_demo.o
    0x08006f50   0x08006f50   0x00000018   Code   RO          137    .text.key1_lp       key_demo.o
    0x08006f68   0x08006f68   0x00000018   Code   RO          127    .text.key1_press    key_demo.o
    0x08006f80   0x08006f80   0x00000014   Code   RO          135    .text.key3_click    key_demo.o
    0x08006f94   0x08006f94   0x00000004   PAD
    0x08006f98   0x08006f98   0x00000014   Code   RO          139    .text.key4_click    key_demo.o
    0x08006fac   0x08006fac   0x00000004   PAD
    0x08006fb0   0x08006fb0   0x00000014   Code   RO          141    .text.key5_click    key_demo.o
    0x08006fc4   0x08006fc4   0x00000004   PAD
    0x08006fc8   0x08006fc8   0x00000014   Code   RO          143    .text.key6_click    key_demo.o
    0x08006fdc   0x08006fdc   0x00000004   PAD
    0x08006fe0   0x08006fe0   0x0000000c   Code   RO           55    .text.key_adc_read  key.o
    0x08006fec   0x08006fec   0x00000004   PAD
    0x08006ff0   0x08006ff0   0x000000e6   Code   RO           61    .text.key_adc_update  key.o
    0x080070d6   0x080070d6   0x00000002   PAD
    0x080070d8   0x080070d8   0x00000036   Code   RO           95    .text.key_bounce_callback  key.o
    0x0800710e   0x0800710e   0x00000002   PAD
    0x08007110   0x08007110   0x0000003e   Code   RO           91    .text.key_callback_handle  key.o
    0x0800714e   0x0800714e   0x00000002   PAD
    0x08007150   0x08007150   0x0000003a   Code   RO           97    .text.key_click_callback  key.o
    0x0800718a   0x0800718a   0x00000006   PAD
    0x08007190   0x08007190   0x00000086   Code   RO           51    .text.key_create    key.o
    0x08007216   0x08007216   0x00000002   PAD
    0x08007218   0x08007218   0x0000003a   Code   RO          105    .text.key_dbclick_callback  key.o
    0x08007252   0x08007252   0x00000006   PAD
    0x08007258   0x08007258   0x00000068   Code   RO           93    .text.key_debounce  key.o
    0x080072c0   0x080072c0   0x000000c6   Code   RO          145    .text.key_demo_init  key_demo.o
    0x08007386   0x08007386   0x00000002   PAD
    0x08007388   0x08007388   0x000000f6   Code   RO           69    .text.key_detect    key.o
    0x0800747e   0x0800747e   0x00000002   PAD
    0x08007480   0x08007480   0x00000038   Code   RO           67    .text.key_detect_scan  key.o
    0x080074b8   0x080074b8   0x00000050   Code   RO           99    .text.key_doube_click  key.o
    0x08007508   0x08007508   0x00000006   Code   RO           59    .text.key_get_event  key.o
    0x0800750e   0x0800750e   0x00000002   PAD
    0x08007510   0x08007510   0x00000102   Code   RO           49    .text.key_init      key.o
    0x08007612   0x08007612   0x00000006   PAD
    0x08007618   0x08007618   0x00000008   Code   RO           53    .text.key_level_read  key.o
    0x08007620   0x08007620   0x0000003a   Code   RO          103    .text.key_lp_callback  key.o
    0x0800765a   0x0800765a   0x00000006   PAD
    0x08007660   0x08007660   0x00000014   Code   RO           75    .text.key_onbounce_register  key.o
    0x08007674   0x08007674   0x00000004   PAD
    0x08007678   0x08007678   0x00000016   Code   RO           79    .text.key_onclick_register  key.o
    0x0800768e   0x0800768e   0x00000002   PAD
    0x08007690   0x08007690   0x00000016   Code   RO           81    .text.key_onclick_unregister  key.o
    0x080076a6   0x080076a6   0x00000002   PAD
    0x080076a8   0x080076a8   0x00000016   Code   RO           83    .text.key_ondbclick_register  key.o
    0x080076be   0x080076be   0x00000002   PAD
    0x080076c0   0x080076c0   0x00000016   Code   RO           87    .text.key_onlp_register  key.o
    0x080076d6   0x080076d6   0x00000002   PAD
    0x080076d8   0x080076d8   0x00000014   Code   RO           71    .text.key_onpress_register  key.o
    0x080076ec   0x080076ec   0x00000004   PAD
    0x080076f0   0x080076f0   0x00000036   Code   RO          101    .text.key_press_callback  key.o
    0x08007726   0x08007726   0x00000002   PAD
    0x08007728   0x08007728   0x00000014   Code   RO           57    .text.key_set_level  key.o
    0x0800773c   0x0800773c   0x00000004   PAD
    0x08007740   0x08007740   0x000000b2   Code   RO          163    .text.main          main.o
    0x080077f2   0x080077f2   0x00000006   PAD
    0x080077f8   0x080077f8   0x0000000c   Code   RO           36    .text.my_tick_elaps  public.o
    0x08007804   0x08007804   0x00000004   PAD
    0x08007808   0x08007808   0x0000001e   Code   RO           34    .text.my_tick_get   public.o
    0x08007826   0x08007826   0x00000002   PAD
    0x08007828   0x08007828   0x0000001c   Code   RO           32    .text.my_tick_inc   public.o
    0x08007844   0x08007844   0x00000004   PAD
    0x08007848   0x08007848   0x00000030   Code   RO          303    .text.queue_extract  my_queue.o
    0x08007878   0x08007878   0x0000000e   Code   RO          295    .text.queue_init    my_queue.o
    0x08007886   0x08007886   0x00000002   PAD
    0x08007888   0x08007888   0x00000030   Code   RO          301    .text.queue_insert  my_queue.o
    0x080078b8   0x080078b8   0x00000018   Code   RO          297    .text.queue_length  my_queue.o
    0x080078d0   0x080078d0   0x0000006e   Code   RO            2    .text.run           run.o
    0x0800793e   0x0800793e   0x00000002   PAD
    0x08007940   0x08007940   0x00000028   Code   RO          285    .text.slink_getData  staticlinklist.o
    0x08007968   0x08007968   0x0000002a   Code   RO          273    .text.slink_init    staticlinklist.o
    0x08007992   0x08007992   0x00000006   PAD
    0x08007998   0x08007998   0x00000060   Code   RO          281    .text.slink_insert  staticlinklist.o
    0x080079f8   0x080079f8   0x0000001a   Code   RO          279    .text.slink_length  staticlinklist.o
    0x08007a12   0x08007a12   0x00000006   PAD
    0x08007a18   0x08007a18   0x00000014   Code   RO          275    .text.slink_malloc  staticlinklist.o
    0x08007a2c   0x08007a2c   0x0000001a   Code   RO         2174    x$fpl$fpinit        fz_wv.l(fpinit.o)
    0x08007a46   0x08007a46   0x00000010   Data   RO         2045    .rodata.D1CorePrescTable  system_stm32h7xx.o
    0x08007a56   0x08007a56   0x00000018   Data   RO         1983    .rodata.UARTPrescTable  stm32h7xx_hal_uart.o
    0x08007a6e   0x08007a6e   0x00000010   Data   RO         2030    .rodata.cst8        stm32h7xx_hal_uart_ex.o
    0x08007a7e   0x08007a7e   0x0000003c   Data   RO          118    .rodata.key_adcRange  key.o
    0x08007aba   0x08007aba   0x00000038   Data   RO          447    .rodata.str1.1      stm32h7xx_hal_adc.o
    0x08007af2   0x08007af2   0x0000003b   Data   RO          570    .rodata.str1.1      stm32h7xx_hal_adc_ex.o
    0x08007b2d   0x08007b2d   0x00000038   Data   RO          607    .rodata.str1.1      stm32h7xx_hal_rcc.o
    0x08007b65   0x08007b65   0x0000003b   Data   RO          672    .rodata.str1.1      stm32h7xx_hal_rcc_ex.o
    0x08007ba0   0x08007ba0   0x00000039   Data   RO          796    .rodata.str1.1      stm32h7xx_hal_gpio.o
    0x08007bd9   0x08007bd9   0x0000003b   Data   RO         1080    .rodata.str1.1      stm32h7xx_hal_pwr_ex.o
    0x08007c14   0x08007c14   0x0000003b   Data   RO         1155    .rodata.str1.1      stm32h7xx_hal_cortex.o
    0x08007c4f   0x08007c4f   0x00000038   Data   RO         1733    .rodata.str1.1      stm32h7xx_hal_tim.o
    0x08007c87   0x08007c87   0x0000003b   Data   RO         1834    .rodata.str1.1      stm32h7xx_hal_tim_ex.o
    0x08007cc2   0x08007cc2   0x00000039   Data   RO         1984    .rodata.str1.1      stm32h7xx_hal_uart.o
    0x08007cfb   0x08007cfb   0x0000003c   Data   RO         2029    .rodata.str1.1      stm32h7xx_hal_uart_ex.o
    0x08007d37   0x08007d37   0x00000001   PAD
    0x08007d38   0x08007d38   0x00000020   Data   RO         2229    Region$$Table       anon$$obj.o


    Execution Region RW_IRAM1 (Exec base: 0x20000000, Load base: 0x08007d58, Size: 0x00000000, Max: 0x00020000, ABSOLUTE)

    **** No section assigned to this execution region ****


    Execution Region RW_IRAM2 (Exec base: 0x24000000, Load base: 0x08007d58, Size: 0x00004e00, Max: 0x00080000, ABSOLUTE)

    Exec Addr    Load Addr    Size         Type   Attr      Idx    E Section Name        Object

    0x24000000   0x08007d58   0x00000004   Data   RW         2043    .data.SystemCoreClock  system_stm32h7xx.o
    0x24000004   0x08007d5c   0x00000004   Data   RW         2044    .data.SystemD2Clock  system_stm32h7xx.o
    0x24000008   0x08007d60   0x00000001   Data   RW         1261    .data.uwTickFreq    stm32h7xx_hal.o
    0x24000009   0x08007d61   0x00000003   PAD
    0x2400000c   0x08007d64   0x00000004   Data   RW         1260    .data.uwTickPrio    stm32h7xx_hal.o
    0x24000010        -       0x00000060   Zero   RW         2106    .bss                c_w.l(libspace.o)
    0x24000070        -       0x00000008   Zero   RW          114    .bss.KeyADCPort     key.o
    0x24000078        -       0x00000054   Zero   RW           40    .bss.__stdout       public.o
    0x240000cc        -       0x00000004   Zero   RW            9    .bss.adcValue       run.o
    0x240000d0        -       0x00000002   Zero   RW            8    .bss.cont1          run.o
    0x240000d2   0x08007d68   0x00000002   PAD
    0x240000d4        -       0x00000064   Zero   RW          197    .bss.hadc1          adc.o
    0x24000138        -       0x0000004c   Zero   RW          212    .bss.htim6          tim.o
    0x24000184        -       0x00000094   Zero   RW          227    .bss.huart1         usart.o
    0x24000218        -       0x00000120   Zero   RW          111    .bss.key1           key.o
    0x24000338        -       0x00000120   Zero   RW          112    .bss.key2           key.o
    0x24000458        -       0x00000120   Zero   RW          113    .bss.key3           key.o
    0x24000578        -       0x00000120   Zero   RW          115    .bss.key4           key.o
    0x24000698        -       0x00000120   Zero   RW          116    .bss.key5           key.o
    0x240007b8        -       0x00000120   Zero   RW          117    .bss.key6           key.o
    0x240008d8        -       0x000000c8   Zero   RW          110    .bss.key_cb_array   key.o
    0x240009a0        -       0x00000008   Zero   RW          109    .bss.key_cb_queue   key.o
    0x240009a8        -       0x00000008   Zero   RW          107    .bss.key_link       key.o
    0x240009b0        -       0x00000040   Zero   RW          108    .bss.key_sll        key.o
    0x240009f0        -       0x00000004   Zero   RW           39    .bss.my_sys_time    public.o
    0x240009f4        -       0x00000001   Zero   RW           38    .bss.my_tick_irq_flag  public.o
    0x240009f5   0x08007d68   0x00000003   PAD
    0x240009f8        -       0x00000004   Zero   RW         1262    .bss.uwTick         stm32h7xx_hal.o
    0x240009fc   0x08007d68   0x00000004   PAD
    0x24000a00        -       0x00000400   Zero   RW          154    HEAP                startup_stm32h750xx.o
    0x24000e00        -       0x00004000   Zero   RW          153    STACK               startup_stm32h750xx.o


==============================================================================

Image component sizes


      Code (inc. data)   RO Data    RW Data    ZI Data      Debug   Object Name

       358          0          0          0        100      11821   adc.o
       174          0          0          0          0       2890   gpio.o
        72          8          0          0          0       1071   init.o
      1626          0         60          0       2016       9842   key.o
       434         60          0          0          0       1942   key_demo.o
       518          0          0          0          0       7920   main.o
       134          0          0          0          0       1687   my_queue.o
       102          0          0          0         89       1900   public.o
       252          0          0          0          6       6895   run.o
        64         26        664          0      17408        820   startup_stm32h750xx.o
       224          0          0          0          0       2978   staticlinklist.o
       236          0          0          5          4      15284   stm32h7xx_hal.o
      5986         12         56          0          0      25256   stm32h7xx_hal_adc.o
       688          0         59          0          0      24403   stm32h7xx_hal_adc_ex.o
       344          0         59          0          0      12785   stm32h7xx_hal_cortex.o
       742          0         57          0          0       7415   stm32h7xx_hal_gpio.o
        32          0          0          0          0       2205   stm32h7xx_hal_msp.o
        96          0         59          0          0      10876   stm32h7xx_hal_pwr_ex.o
      3826         16         56          0          0      11668   stm32h7xx_hal_rcc.o
      6622        192         59          0          0      18105   stm32h7xx_hal_rcc_ex.o
      1592          0         56          0          0      58984   stm32h7xx_hal_tim.o
       456          0         59          0          0      23461   stm32h7xx_hal_tim_ex.o
      3376        382         81          0          0      36612   stm32h7xx_hal_uart.o
       780          0         76          0          0      10996   stm32h7xx_hal_uart_ex.o
        56          0          0          0          0       1192   stm32h7xx_it.o
       204          0         16          8          0       5881   system_stm32h7xx.o
       150          0          0          0         76       9453   tim.o
       270          0          0          0        148       8091   usart.o

    ----------------------------------------------------------------------
     29972        708       1450         16      19856     332433   Object Totals
         0          0         32          0          0          0   (incl. Generated)
       558         12          1          3          9          0   (incl. Padding)

    ----------------------------------------------------------------------

      Code (inc. data)   RO Data    RW Data    ZI Data      Debug   Library Member Name

         8          0          0          0          0         68   __main.o
         0          0          0          0          0          0   __rtentry.o
        12          0          0          0          0          0   __rtentry2.o
         6          0          0          0          0          0   __rtentry4.o
        52          8          0          0          0          0   __scatter.o
        26          0          0          0          0          0   __scatter_copy.o
        28          0          0          0          0          0   __scatter_zi.o
        18          0          0          0          0         80   exit.o
         6          0          0          0          0        152   heapauxi.o
         2          0          0          0          0          0   libinit.o
         6          0          0          0          0          0   libinit2.o
         2          0          0          0          0          0   libshutdown.o
         2          0          0          0          0          0   libshutdown2.o
         8          4          0          0         96         68   libspace.o
       240          0          0          0          0        100   lludivv7m.o
        44          4          0          0          0         84   puts.o
        78          0          0          0          0         80   rt_memclr_w.o
         2          0          0          0          0          0   rtexit.o
        10          0          0          0          0          0   rtexit2.o
        74          0          0          0          0         80   sys_stackheap_outer.o
         2          0          0          0          0         68   use_no_semi.o
         2          0          0          0          0         68   use_no_semi_2.o
        26          0          0          0          0        116   fpinit.o

    ----------------------------------------------------------------------
       666         20          0          0         96        964   Library Totals
        12          4          0          0          0          0   (incl. Padding)

    ----------------------------------------------------------------------

      Code (inc. data)   RO Data    RW Data    ZI Data      Debug   Library Name

       628         16          0          0         96        848   c_w.l
        26          0          0          0          0        116   fz_wv.l

    ----------------------------------------------------------------------
       666         20          0          0         96        964   Library Totals

    ----------------------------------------------------------------------

==============================================================================


      Code (inc. data)   RO Data    RW Data    ZI Data      Debug   

     30638        728       1450         16      19952     332669   Grand Totals
     30638        728       1450         16      19952     332669   ELF Image Totals
     30638        728       1450         16          0          0   ROM Totals

==============================================================================

    Total RO  Size (Code + RO Data)                32088 (  31.34kB)
    Total RW  Size (RW Data + ZI Data)             19968 (  19.50kB)
    Total ROM Size (Code + RO Data + RW Data)      32104 (  31.35kB)

==============================================================================

