<html>
<body>
<pre>
<h1>µVision Build Log</h1>
<h2>Tool Versions:</h2>
IDE-Version: ¦ÌVision V5.34.0.0
Copyright (C) 2021 ARM Ltd and ARM Germany GmbH. All rights reserved.
License Information: 1 putting, HP Inc., LIC=65ISZ-JBMTC-9UD4U-SYVJ9-IGF9G-AU77Q
 
Tool Versions:
Toolchain:       MDK-ARM Plus  Version: 5.34.0.0
Toolchain Path:  C:\Application\Keil\path\ARM\ARMCLANG\Bin
C Compiler:      ArmClang.exe V6.16
Assembler:       Armasm.exe V6.16
Linker/Locator:  ArmLink.exe V6.16
Library Manager: ArmAr.exe V6.16
Hex Converter:   FromElf.exe V6.16
CPU DLL:         SARMCM3.DLL V5.34.0.0
Dialog DLL:      DCM.DLL V1.17.3.0
Target DLL:      STLink\ST-LINKIII-KEIL_SWO.dll V3.0.8.0
Dialog DLL:      TCM.DLL V1.48.0.0
 
<h2>Project:</h2>
C:\Users\putti\Desktop\cherry_key\MDK-ARM\STM32H750_test.uvprojx
Project File Date:  03/21/2023

<h2>Output:</h2>
*** Using Compiler 'V6.16', folder: 'C:\Application\Keil\path\ARM\ARMCLANG\Bin'
Build target 'STM32H750_test'
compiling run.c...
compiling key_demo.c...
compiling init.c...
compiling my_queue.c...
compiling key.c...
linking...
Program Size: Code=31094 RO-data=1450 RW-data=16 ZI-data=19952  
FromELF: creating hex file...
After Build - User command #1: fromelf --bin --output .\STM32H750_test\app.bin .\STM32H750_test\\STM32H750_test.axf
After Build - User command #2: fromelf --text -a -c --output .\STM32H750_test\app.dis .\STM32H750_test\\STM32H750_test.axf
"STM32H750_test\STM32H750_test.axf" - 0 Error(s), 0 Warning(s).

<h2>Software Packages used:</h2>

Package Vendor: ARM
                http://www.keil.com/pack/ARM.CMSIS.5.7.0.pack
                ARM.CMSIS.5.7.0
                CMSIS (Cortex Microcontroller Software Interface Standard)
   * Component: CORE Version: 5.4.0

Package Vendor: Keil
                https://www.keil.com/pack/Keil.STM32H7xx_DFP.2.7.0.pack
                Keil.STM32H7xx_DFP.2.7.0
                STMicroelectronics STM32H7 Series Device Support and Examples

<h2>Collection of Component include folders:</h2>
  .\RTE\_STM32H750_test
  C:\Users\putti\AppData\Local\Arm\Packs\ARM\CMSIS\5.7.0\CMSIS\Core\Include
  C:\Users\putti\AppData\Local\Arm\Packs\Keil\STM32H7xx_DFP\2.7.0\Drivers\CMSIS\Device\ST\STM32H7xx\Include

<h2>Collection of Component Files used:</h2>

   * Component: ARM::CMSIS:CORE:5.4.0
      Include file:  CMSIS\Core\Include\tz_context.h
Build Time Elapsed:  00:00:04
</pre>
</body>
</html>
